###############################################################################
#
# IAR ELF Linker V8.22.2.15995/W32 for ARM                20/Apr/2018  13:35:33
# Copyright 2007-2018 IAR Systems AB.
#
#    Output file  =  
#        D:\en.x-cube-aws\STM32CubeExpansion_Cloud_AWS_V1.2.0\Projects\B-L475E-IOT01\Applications\Cloud\AWS\EWARM\B-L475E-IOT01\Exe\B-L475E-IOT01.out
#    Map file     =  
#        D:\en.x-cube-aws\STM32CubeExpansion_Cloud_AWS_V1.2.0\Projects\B-L475E-IOT01\Applications\Cloud\AWS\EWARM\B-L475E-IOT01\List\B-L475E-IOT01.map
#    Command line =  
#        -f C:\Users\ljh\AppData\Local\Temp\EW812.tmp
#        (D:\en.x-cube-aws\STM32CubeExpansion_Cloud_AWS_V1.2.0\Projects\B-L475E-IOT01\Applications\Cloud\AWS\EWARM\B-L475E-IOT01\Obj\aes.o
#        D:\en.x-cube-aws\STM32CubeExpansion_Cloud_AWS_V1.2.0\Projects\B-L475E-IOT01\Applications\Cloud\AWS\EWARM\B-L475E-IOT01\Obj\aesni.o
#        D:\en.x-cube-aws\STM32CubeExpansion_Cloud_AWS_V1.2.0\Projects\B-L475E-IOT01\Applications\Cloud\AWS\EWARM\B-L475E-IOT01\Obj\arc4.o
#        D:\en.x-cube-aws\STM32CubeExpansion_Cloud_AWS_V1.2.0\Projects\B-L475E-IOT01\Applications\Cloud\AWS\EWARM\B-L475E-IOT01\Obj\asn1parse.o
#        D:\en.x-cube-aws\STM32CubeExpansion_Cloud_AWS_V1.2.0\Projects\B-L475E-IOT01\Applications\Cloud\AWS\EWARM\B-L475E-IOT01\Obj\asn1write.o
#        D:\en.x-cube-aws\STM32CubeExpansion_Cloud_AWS_V1.2.0\Projects\B-L475E-IOT01\Applications\Cloud\AWS\EWARM\B-L475E-IOT01\Obj\aws_iot_mqtt_client.o
#        D:\en.x-cube-aws\STM32CubeExpansion_Cloud_AWS_V1.2.0\Projects\B-L475E-IOT01\Applications\Cloud\AWS\EWARM\B-L475E-IOT01\Obj\aws_iot_mqtt_client_common_internal.o
#        D:\en.x-cube-aws\STM32CubeExpansion_Cloud_AWS_V1.2.0\Projects\B-L475E-IOT01\Applications\Cloud\AWS\EWARM\B-L475E-IOT01\Obj\aws_iot_mqtt_client_connect.o
#        D:\en.x-cube-aws\STM32CubeExpansion_Cloud_AWS_V1.2.0\Projects\B-L475E-IOT01\Applications\Cloud\AWS\EWARM\B-L475E-IOT01\Obj\aws_iot_mqtt_client_publish.o
#        D:\en.x-cube-aws\STM32CubeExpansion_Cloud_AWS_V1.2.0\Projects\B-L475E-IOT01\Applications\Cloud\AWS\EWARM\B-L475E-IOT01\Obj\aws_iot_mqtt_client_subscribe.o
#        D:\en.x-cube-aws\STM32CubeExpansion_Cloud_AWS_V1.2.0\Projects\B-L475E-IOT01\Applications\Cloud\AWS\EWARM\B-L475E-IOT01\Obj\aws_iot_mqtt_client_unsubscribe.o
#        D:\en.x-cube-aws\STM32CubeExpansion_Cloud_AWS_V1.2.0\Projects\B-L475E-IOT01\Applications\Cloud\AWS\EWARM\B-L475E-IOT01\Obj\aws_iot_mqtt_client_yield.o
#        D:\en.x-cube-aws\STM32CubeExpansion_Cloud_AWS_V1.2.0\Projects\B-L475E-IOT01\Applications\Cloud\AWS\EWARM\B-L475E-IOT01\Obj\aws_network_st_wrapper.o
#        D:\en.x-cube-aws\STM32CubeExpansion_Cloud_AWS_V1.2.0\Projects\B-L475E-IOT01\Applications\Cloud\AWS\EWARM\B-L475E-IOT01\Obj\aws_subscribe_publish_sensor_values.o
#        D:\en.x-cube-aws\STM32CubeExpansion_Cloud_AWS_V1.2.0\Projects\B-L475E-IOT01\Applications\Cloud\AWS\EWARM\B-L475E-IOT01\Obj\aws_timer.o
#        D:\en.x-cube-aws\STM32CubeExpansion_Cloud_AWS_V1.2.0\Projects\B-L475E-IOT01\Applications\Cloud\AWS\EWARM\B-L475E-IOT01\Obj\base64.o
#        D:\en.x-cube-aws\STM32CubeExpansion_Cloud_AWS_V1.2.0\Projects\B-L475E-IOT01\Applications\Cloud\AWS\EWARM\B-L475E-IOT01\Obj\bignum.o
#        D:\en.x-cube-aws\STM32CubeExpansion_Cloud_AWS_V1.2.0\Projects\B-L475E-IOT01\Applications\Cloud\AWS\EWARM\B-L475E-IOT01\Obj\blowfish.o
#        D:\en.x-cube-aws\STM32CubeExpansion_Cloud_AWS_V1.2.0\Projects\B-L475E-IOT01\Applications\Cloud\AWS\EWARM\B-L475E-IOT01\Obj\camellia.o
#        D:\en.x-cube-aws\STM32CubeExpansion_Cloud_AWS_V1.2.0\Projects\B-L475E-IOT01\Applications\Cloud\AWS\EWARM\B-L475E-IOT01\Obj\ccm.o
#        D:\en.x-cube-aws\STM32CubeExpansion_Cloud_AWS_V1.2.0\Projects\B-L475E-IOT01\Applications\Cloud\AWS\EWARM\B-L475E-IOT01\Obj\certs.o
#        D:\en.x-cube-aws\STM32CubeExpansion_Cloud_AWS_V1.2.0\Projects\B-L475E-IOT01\Applications\Cloud\AWS\EWARM\B-L475E-IOT01\Obj\cipher.o
#        D:\en.x-cube-aws\STM32CubeExpansion_Cloud_AWS_V1.2.0\Projects\B-L475E-IOT01\Applications\Cloud\AWS\EWARM\B-L475E-IOT01\Obj\cipher_wrap.o
#        D:\en.x-cube-aws\STM32CubeExpansion_Cloud_AWS_V1.2.0\Projects\B-L475E-IOT01\Applications\Cloud\AWS\EWARM\B-L475E-IOT01\Obj\cloud.o
#        D:\en.x-cube-aws\STM32CubeExpansion_Cloud_AWS_V1.2.0\Projects\B-L475E-IOT01\Applications\Cloud\AWS\EWARM\B-L475E-IOT01\Obj\cmac.o
#        D:\en.x-cube-aws\STM32CubeExpansion_Cloud_AWS_V1.2.0\Projects\B-L475E-IOT01\Applications\Cloud\AWS\EWARM\B-L475E-IOT01\Obj\ctr_drbg.o
#        D:\en.x-cube-aws\STM32CubeExpansion_Cloud_AWS_V1.2.0\Projects\B-L475E-IOT01\Applications\Cloud\AWS\EWARM\B-L475E-IOT01\Obj\debug.o
#        D:\en.x-cube-aws\STM32CubeExpansion_Cloud_AWS_V1.2.0\Projects\B-L475E-IOT01\Applications\Cloud\AWS\EWARM\B-L475E-IOT01\Obj\des.o
#        D:\en.x-cube-aws\STM32CubeExpansion_Cloud_AWS_V1.2.0\Projects\B-L475E-IOT01\Applications\Cloud\AWS\EWARM\B-L475E-IOT01\Obj\dhm.o
#        D:\en.x-cube-aws\STM32CubeExpansion_Cloud_AWS_V1.2.0\Projects\B-L475E-IOT01\Applications\Cloud\AWS\EWARM\B-L475E-IOT01\Obj\ecdh.o
#        D:\en.x-cube-aws\STM32CubeExpansion_Cloud_AWS_V1.2.0\Projects\B-L475E-IOT01\Applications\Cloud\AWS\EWARM\B-L475E-IOT01\Obj\ecdsa.o
#        D:\en.x-cube-aws\STM32CubeExpansion_Cloud_AWS_V1.2.0\Projects\B-L475E-IOT01\Applications\Cloud\AWS\EWARM\B-L475E-IOT01\Obj\ecjpake.o
#        D:\en.x-cube-aws\STM32CubeExpansion_Cloud_AWS_V1.2.0\Projects\B-L475E-IOT01\Applications\Cloud\AWS\EWARM\B-L475E-IOT01\Obj\ecp.o
#        D:\en.x-cube-aws\STM32CubeExpansion_Cloud_AWS_V1.2.0\Projects\B-L475E-IOT01\Applications\Cloud\AWS\EWARM\B-L475E-IOT01\Obj\ecp_curves.o
#        D:\en.x-cube-aws\STM32CubeExpansion_Cloud_AWS_V1.2.0\Projects\B-L475E-IOT01\Applications\Cloud\AWS\EWARM\B-L475E-IOT01\Obj\entropy.o
#        D:\en.x-cube-aws\STM32CubeExpansion_Cloud_AWS_V1.2.0\Projects\B-L475E-IOT01\Applications\Cloud\AWS\EWARM\B-L475E-IOT01\Obj\entropy_hardware_poll.o
#        D:\en.x-cube-aws\STM32CubeExpansion_Cloud_AWS_V1.2.0\Projects\B-L475E-IOT01\Applications\Cloud\AWS\EWARM\B-L475E-IOT01\Obj\entropy_poll.o
#        D:\en.x-cube-aws\STM32CubeExpansion_Cloud_AWS_V1.2.0\Projects\B-L475E-IOT01\Applications\Cloud\AWS\EWARM\B-L475E-IOT01\Obj\error.o
#        D:\en.x-cube-aws\STM32CubeExpansion_Cloud_AWS_V1.2.0\Projects\B-L475E-IOT01\Applications\Cloud\AWS\EWARM\B-L475E-IOT01\Obj\es_wifi.o
#        D:\en.x-cube-aws\STM32CubeExpansion_Cloud_AWS_V1.2.0\Projects\B-L475E-IOT01\Applications\Cloud\AWS\EWARM\B-L475E-IOT01\Obj\es_wifi_io.o
#        D:\en.x-cube-aws\STM32CubeExpansion_Cloud_AWS_V1.2.0\Projects\B-L475E-IOT01\Applications\Cloud\AWS\EWARM\B-L475E-IOT01\Obj\firewall_wrapper.o
#        D:\en.x-cube-aws\STM32CubeExpansion_Cloud_AWS_V1.2.0\Projects\B-L475E-IOT01\Applications\Cloud\AWS\EWARM\B-L475E-IOT01\Obj\flash_l4.o
#        D:\en.x-cube-aws\STM32CubeExpansion_Cloud_AWS_V1.2.0\Projects\B-L475E-IOT01\Applications\Cloud\AWS\EWARM\B-L475E-IOT01\Obj\gcm.o
#        D:\en.x-cube-aws\STM32CubeExpansion_Cloud_AWS_V1.2.0\Projects\B-L475E-IOT01\Applications\Cloud\AWS\EWARM\B-L475E-IOT01\Obj\havege.o
#        D:\en.x-cube-aws\STM32CubeExpansion_Cloud_AWS_V1.2.0\Projects\B-L475E-IOT01\Applications\Cloud\AWS\EWARM\B-L475E-IOT01\Obj\heap.o
#        D:\en.x-cube-aws\STM32CubeExpansion_Cloud_AWS_V1.2.0\Projects\B-L475E-IOT01\Applications\Cloud\AWS\EWARM\B-L475E-IOT01\Obj\hmac_drbg.o
#        D:\en.x-cube-aws\STM32CubeExpansion_Cloud_AWS_V1.2.0\Projects\B-L475E-IOT01\Applications\Cloud\AWS\EWARM\B-L475E-IOT01\Obj\hts221.o
#        D:\en.x-cube-aws\STM32CubeExpansion_Cloud_AWS_V1.2.0\Projects\B-L475E-IOT01\Applications\Cloud\AWS\EWARM\B-L475E-IOT01\Obj\http_util.o
#        D:\en.x-cube-aws\STM32CubeExpansion_Cloud_AWS_V1.2.0\Projects\B-L475E-IOT01\Applications\Cloud\AWS\EWARM\B-L475E-IOT01\Obj\iot_flash_config.o
#        D:\en.x-cube-aws\STM32CubeExpansion_Cloud_AWS_V1.2.0\Projects\B-L475E-IOT01\Applications\Cloud\AWS\EWARM\B-L475E-IOT01\Obj\lis3mdl.o
#        D:\en.x-cube-aws\STM32CubeExpansion_Cloud_AWS_V1.2.0\Projects\B-L475E-IOT01\Applications\Cloud\AWS\EWARM\B-L475E-IOT01\Obj\lps22hb.o
#        D:\en.x-cube-aws\STM32CubeExpansion_Cloud_AWS_V1.2.0\Projects\B-L475E-IOT01\Applications\Cloud\AWS\EWARM\B-L475E-IOT01\Obj\lsm6dsl.o
#        D:\en.x-cube-aws\STM32CubeExpansion_Cloud_AWS_V1.2.0\Projects\B-L475E-IOT01\Applications\Cloud\AWS\EWARM\B-L475E-IOT01\Obj\main.o
#        D:\en.x-cube-aws\STM32CubeExpansion_Cloud_AWS_V1.2.0\Projects\B-L475E-IOT01\Applications\Cloud\AWS\EWARM\B-L475E-IOT01\Obj\mbedtls_net.o
#        D:\en.x-cube-aws\STM32CubeExpansion_Cloud_AWS_V1.2.0\Projects\B-L475E-IOT01\Applications\Cloud\AWS\EWARM\B-L475E-IOT01\Obj\mbedtls_patch.o
#        D:\en.x-cube-aws\STM32CubeExpansion_Cloud_AWS_V1.2.0\Projects\B-L475E-IOT01\Applications\Cloud\AWS\EWARM\B-L475E-IOT01\Obj\md.o
#        D:\en.x-cube-aws\STM32CubeExpansion_Cloud_AWS_V1.2.0\Projects\B-L475E-IOT01\Applications\Cloud\AWS\EWARM\B-L475E-IOT01\Obj\md2.o
#        D:\en.x-cube-aws\STM32CubeExpansion_Cloud_AWS_V1.2.0\Projects\B-L475E-IOT01\Applications\Cloud\AWS\EWARM\B-L475E-IOT01\Obj\md4.o
#        D:\en.x-cube-aws\STM32CubeExpansion_Cloud_AWS_V1.2.0\Projects\B-L475E-IOT01\Applications\Cloud\AWS\EWARM\B-L475E-IOT01\Obj\md5.o
#        D:\en.x-cube-aws\STM32CubeExpansion_Cloud_AWS_V1.2.0\Projects\B-L475E-IOT01\Applications\Cloud\AWS\EWARM\B-L475E-IOT01\Obj\md_wrap.o
#        D:\en.x-cube-aws\STM32CubeExpansion_Cloud_AWS_V1.2.0\Projects\B-L475E-IOT01\Applications\Cloud\AWS\EWARM\B-L475E-IOT01\Obj\memory_buffer_alloc.o
#        D:\en.x-cube-aws\STM32CubeExpansion_Cloud_AWS_V1.2.0\Projects\B-L475E-IOT01\Applications\Cloud\AWS\EWARM\B-L475E-IOT01\Obj\net.o
#        D:\en.x-cube-aws\STM32CubeExpansion_Cloud_AWS_V1.2.0\Projects\B-L475E-IOT01\Applications\Cloud\AWS\EWARM\B-L475E-IOT01\Obj\net_tcp_wifi.o
#        D:\en.x-cube-aws\STM32CubeExpansion_Cloud_AWS_V1.2.0\Projects\B-L475E-IOT01\Applications\Cloud\AWS\EWARM\B-L475E-IOT01\Obj\net_tls_mbedtls.o
#        D:\en.x-cube-aws\STM32CubeExpansion_Cloud_AWS_V1.2.0\Projects\B-L475E-IOT01\Applications\Cloud\AWS\EWARM\B-L475E-IOT01\Obj\oid.o
#        D:\en.x-cube-aws\STM32CubeExpansion_Cloud_AWS_V1.2.0\Projects\B-L475E-IOT01\Applications\Cloud\AWS\EWARM\B-L475E-IOT01\Obj\padlock.o
#        D:\en.x-cube-aws\STM32CubeExpansion_Cloud_AWS_V1.2.0\Projects\B-L475E-IOT01\Applications\Cloud\AWS\EWARM\B-L475E-IOT01\Obj\pem.o
#        D:\en.x-cube-aws\STM32CubeExpansion_Cloud_AWS_V1.2.0\Projects\B-L475E-IOT01\Applications\Cloud\AWS\EWARM\B-L475E-IOT01\Obj\pk.o
#        D:\en.x-cube-aws\STM32CubeExpansion_Cloud_AWS_V1.2.0\Projects\B-L475E-IOT01\Applications\Cloud\AWS\EWARM\B-L475E-IOT01\Obj\pk_wrap.o
#        D:\en.x-cube-aws\STM32CubeExpansion_Cloud_AWS_V1.2.0\Projects\B-L475E-IOT01\Applications\Cloud\AWS\EWARM\B-L475E-IOT01\Obj\pkcs11.o
#        D:\en.x-cube-aws\STM32CubeExpansion_Cloud_AWS_V1.2.0\Projects\B-L475E-IOT01\Applications\Cloud\AWS\EWARM\B-L475E-IOT01\Obj\pkcs12.o
#        D:\en.x-cube-aws\STM32CubeExpansion_Cloud_AWS_V1.2.0\Projects\B-L475E-IOT01\Applications\Cloud\AWS\EWARM\B-L475E-IOT01\Obj\pkcs5.o
#        D:\en.x-cube-aws\STM32CubeExpansion_Cloud_AWS_V1.2.0\Projects\B-L475E-IOT01\Applications\Cloud\AWS\EWARM\B-L475E-IOT01\Obj\pkparse.o
#        D:\en.x-cube-aws\STM32CubeExpansion_Cloud_AWS_V1.2.0\Projects\B-L475E-IOT01\Applications\Cloud\AWS\EWARM\B-L475E-IOT01\Obj\pkwrite.o
#        D:\en.x-cube-aws\STM32CubeExpansion_Cloud_AWS_V1.2.0\Projects\B-L475E-IOT01\Applications\Cloud\AWS\EWARM\B-L475E-IOT01\Obj\platform.o
#        D:\en.x-cube-aws\STM32CubeExpansion_Cloud_AWS_V1.2.0\Projects\B-L475E-IOT01\Applications\Cloud\AWS\EWARM\B-L475E-IOT01\Obj\rfu.o
#        D:\en.x-cube-aws\STM32CubeExpansion_Cloud_AWS_V1.2.0\Projects\B-L475E-IOT01\Applications\Cloud\AWS\EWARM\B-L475E-IOT01\Obj\ripemd160.o
#        D:\en.x-cube-aws\STM32CubeExpansion_Cloud_AWS_V1.2.0\Projects\B-L475E-IOT01\Applications\Cloud\AWS\EWARM\B-L475E-IOT01\Obj\rsa.o
#        D:\en.x-cube-aws\STM32CubeExpansion_Cloud_AWS_V1.2.0\Projects\B-L475E-IOT01\Applications\Cloud\AWS\EWARM\B-L475E-IOT01\Obj\sensors_data.o
#        D:\en.x-cube-aws\STM32CubeExpansion_Cloud_AWS_V1.2.0\Projects\B-L475E-IOT01\Applications\Cloud\AWS\EWARM\B-L475E-IOT01\Obj\sha1.o
#        D:\en.x-cube-aws\STM32CubeExpansion_Cloud_AWS_V1.2.0\Projects\B-L475E-IOT01\Applications\Cloud\AWS\EWARM\B-L475E-IOT01\Obj\sha256.o
#        D:\en.x-cube-aws\STM32CubeExpansion_Cloud_AWS_V1.2.0\Projects\B-L475E-IOT01\Applications\Cloud\AWS\EWARM\B-L475E-IOT01\Obj\sha512.o
#        D:\en.x-cube-aws\STM32CubeExpansion_Cloud_AWS_V1.2.0\Projects\B-L475E-IOT01\Applications\Cloud\AWS\EWARM\B-L475E-IOT01\Obj\ssl_cache.o
#        D:\en.x-cube-aws\STM32CubeExpansion_Cloud_AWS_V1.2.0\Projects\B-L475E-IOT01\Applications\Cloud\AWS\EWARM\B-L475E-IOT01\Obj\ssl_ciphersuites.o
#        D:\en.x-cube-aws\STM32CubeExpansion_Cloud_AWS_V1.2.0\Projects\B-L475E-IOT01\Applications\Cloud\AWS\EWARM\B-L475E-IOT01\Obj\ssl_cli.o
#        D:\en.x-cube-aws\STM32CubeExpansion_Cloud_AWS_V1.2.0\Projects\B-L475E-IOT01\Applications\Cloud\AWS\EWARM\B-L475E-IOT01\Obj\ssl_cookie.o
#        D:\en.x-cube-aws\STM32CubeExpansion_Cloud_AWS_V1.2.0\Projects\B-L475E-IOT01\Applications\Cloud\AWS\EWARM\B-L475E-IOT01\Obj\ssl_srv.o
#        D:\en.x-cube-aws\STM32CubeExpansion_Cloud_AWS_V1.2.0\Projects\B-L475E-IOT01\Applications\Cloud\AWS\EWARM\B-L475E-IOT01\Obj\ssl_ticket.o
#        D:\en.x-cube-aws\STM32CubeExpansion_Cloud_AWS_V1.2.0\Projects\B-L475E-IOT01\Applications\Cloud\AWS\EWARM\B-L475E-IOT01\Obj\ssl_tls.o
#        D:\en.x-cube-aws\STM32CubeExpansion_Cloud_AWS_V1.2.0\Projects\B-L475E-IOT01\Applications\Cloud\AWS\EWARM\B-L475E-IOT01\Obj\startup_stm32l475xx.o
#        D:\en.x-cube-aws\STM32CubeExpansion_Cloud_AWS_V1.2.0\Projects\B-L475E-IOT01\Applications\Cloud\AWS\EWARM\B-L475E-IOT01\Obj\STM32CubeRTCInterface.o
#        D:\en.x-cube-aws\STM32CubeExpansion_Cloud_AWS_V1.2.0\Projects\B-L475E-IOT01\Applications\Cloud\AWS\EWARM\B-L475E-IOT01\Obj\stm32l475e_iot01.o
#        D:\en.x-cube-aws\STM32CubeExpansion_Cloud_AWS_V1.2.0\Projects\B-L475E-IOT01\Applications\Cloud\AWS\EWARM\B-L475E-IOT01\Obj\stm32l475e_iot01_accelero.o
#        D:\en.x-cube-aws\STM32CubeExpansion_Cloud_AWS_V1.2.0\Projects\B-L475E-IOT01\Applications\Cloud\AWS\EWARM\B-L475E-IOT01\Obj\stm32l475e_iot01_gyro.o
#        D:\en.x-cube-aws\STM32CubeExpansion_Cloud_AWS_V1.2.0\Projects\B-L475E-IOT01\Applications\Cloud\AWS\EWARM\B-L475E-IOT01\Obj\stm32l475e_iot01_hsensor.o
#        D:\en.x-cube-aws\STM32CubeExpansion_Cloud_AWS_V1.2.0\Projects\B-L475E-IOT01\Applications\Cloud\AWS\EWARM\B-L475E-IOT01\Obj\stm32l475e_iot01_magneto.o
#        D:\en.x-cube-aws\STM32CubeExpansion_Cloud_AWS_V1.2.0\Projects\B-L475E-IOT01\Applications\Cloud\AWS\EWARM\B-L475E-IOT01\Obj\stm32l475e_iot01_psensor.o
#        D:\en.x-cube-aws\STM32CubeExpansion_Cloud_AWS_V1.2.0\Projects\B-L475E-IOT01\Applications\Cloud\AWS\EWARM\B-L475E-IOT01\Obj\stm32l475e_iot01_tsensor.o
#        D:\en.x-cube-aws\STM32CubeExpansion_Cloud_AWS_V1.2.0\Projects\B-L475E-IOT01\Applications\Cloud\AWS\EWARM\B-L475E-IOT01\Obj\stm32l4xx_hal.o
#        D:\en.x-cube-aws\STM32CubeExpansion_Cloud_AWS_V1.2.0\Projects\B-L475E-IOT01\Applications\Cloud\AWS\EWARM\B-L475E-IOT01\Obj\stm32l4xx_hal_can.o
#        D:\en.x-cube-aws\STM32CubeExpansion_Cloud_AWS_V1.2.0\Projects\B-L475E-IOT01\Applications\Cloud\AWS\EWARM\B-L475E-IOT01\Obj\stm32l4xx_hal_cortex.o
#        D:\en.x-cube-aws\STM32CubeExpansion_Cloud_AWS_V1.2.0\Projects\B-L475E-IOT01\Applications\Cloud\AWS\EWARM\B-L475E-IOT01\Obj\stm32l4xx_hal_crc.o
#        D:\en.x-cube-aws\STM32CubeExpansion_Cloud_AWS_V1.2.0\Projects\B-L475E-IOT01\Applications\Cloud\AWS\EWARM\B-L475E-IOT01\Obj\stm32l4xx_hal_cryp.o
#        D:\en.x-cube-aws\STM32CubeExpansion_Cloud_AWS_V1.2.0\Projects\B-L475E-IOT01\Applications\Cloud\AWS\EWARM\B-L475E-IOT01\Obj\stm32l4xx_hal_cryp_ex.o
#        D:\en.x-cube-aws\STM32CubeExpansion_Cloud_AWS_V1.2.0\Projects\B-L475E-IOT01\Applications\Cloud\AWS\EWARM\B-L475E-IOT01\Obj\stm32l4xx_hal_dac.o
#        D:\en.x-cube-aws\STM32CubeExpansion_Cloud_AWS_V1.2.0\Projects\B-L475E-IOT01\Applications\Cloud\AWS\EWARM\B-L475E-IOT01\Obj\stm32l4xx_hal_dac_ex.o
#        D:\en.x-cube-aws\STM32CubeExpansion_Cloud_AWS_V1.2.0\Projects\B-L475E-IOT01\Applications\Cloud\AWS\EWARM\B-L475E-IOT01\Obj\stm32l4xx_hal_dfsdm.o
#        D:\en.x-cube-aws\STM32CubeExpansion_Cloud_AWS_V1.2.0\Projects\B-L475E-IOT01\Applications\Cloud\AWS\EWARM\B-L475E-IOT01\Obj\stm32l4xx_hal_dma.o
#        D:\en.x-cube-aws\STM32CubeExpansion_Cloud_AWS_V1.2.0\Projects\B-L475E-IOT01\Applications\Cloud\AWS\EWARM\B-L475E-IOT01\Obj\stm32l4xx_hal_flash.o
#        D:\en.x-cube-aws\STM32CubeExpansion_Cloud_AWS_V1.2.0\Projects\B-L475E-IOT01\Applications\Cloud\AWS\EWARM\B-L475E-IOT01\Obj\stm32l4xx_hal_flash_ex.o
#        D:\en.x-cube-aws\STM32CubeExpansion_Cloud_AWS_V1.2.0\Projects\B-L475E-IOT01\Applications\Cloud\AWS\EWARM\B-L475E-IOT01\Obj\stm32l4xx_hal_gpio.o
#        D:\en.x-cube-aws\STM32CubeExpansion_Cloud_AWS_V1.2.0\Projects\B-L475E-IOT01\Applications\Cloud\AWS\EWARM\B-L475E-IOT01\Obj\stm32l4xx_hal_hash.o
#        D:\en.x-cube-aws\STM32CubeExpansion_Cloud_AWS_V1.2.0\Projects\B-L475E-IOT01\Applications\Cloud\AWS\EWARM\B-L475E-IOT01\Obj\stm32l4xx_hal_hash_ex.o
#        D:\en.x-cube-aws\STM32CubeExpansion_Cloud_AWS_V1.2.0\Projects\B-L475E-IOT01\Applications\Cloud\AWS\EWARM\B-L475E-IOT01\Obj\stm32l4xx_hal_i2c.o
#        D:\en.x-cube-aws\STM32CubeExpansion_Cloud_AWS_V1.2.0\Projects\B-L475E-IOT01\Applications\Cloud\AWS\EWARM\B-L475E-IOT01\Obj\stm32l4xx_hal_i2c_ex.o
#        D:\en.x-cube-aws\STM32CubeExpansion_Cloud_AWS_V1.2.0\Projects\B-L475E-IOT01\Applications\Cloud\AWS\EWARM\B-L475E-IOT01\Obj\stm32l4xx_hal_iwdg.o
#        D:\en.x-cube-aws\STM32CubeExpansion_Cloud_AWS_V1.2.0\Projects\B-L475E-IOT01\Applications\Cloud\AWS\EWARM\B-L475E-IOT01\Obj\stm32l4xx_hal_lptim.o
#        D:\en.x-cube-aws\STM32CubeExpansion_Cloud_AWS_V1.2.0\Projects\B-L475E-IOT01\Applications\Cloud\AWS\EWARM\B-L475E-IOT01\Obj\stm32l4xx_hal_msp.o
#        D:\en.x-cube-aws\STM32CubeExpansion_Cloud_AWS_V1.2.0\Projects\B-L475E-IOT01\Applications\Cloud\AWS\EWARM\B-L475E-IOT01\Obj\stm32l4xx_hal_nand.o
#        D:\en.x-cube-aws\STM32CubeExpansion_Cloud_AWS_V1.2.0\Projects\B-L475E-IOT01\Applications\Cloud\AWS\EWARM\B-L475E-IOT01\Obj\stm32l4xx_hal_nor.o
#        D:\en.x-cube-aws\STM32CubeExpansion_Cloud_AWS_V1.2.0\Projects\B-L475E-IOT01\Applications\Cloud\AWS\EWARM\B-L475E-IOT01\Obj\stm32l4xx_hal_pwr.o
#        D:\en.x-cube-aws\STM32CubeExpansion_Cloud_AWS_V1.2.0\Projects\B-L475E-IOT01\Applications\Cloud\AWS\EWARM\B-L475E-IOT01\Obj\stm32l4xx_hal_pwr_ex.o
#        D:\en.x-cube-aws\STM32CubeExpansion_Cloud_AWS_V1.2.0\Projects\B-L475E-IOT01\Applications\Cloud\AWS\EWARM\B-L475E-IOT01\Obj\stm32l4xx_hal_qspi.o
#        D:\en.x-cube-aws\STM32CubeExpansion_Cloud_AWS_V1.2.0\Projects\B-L475E-IOT01\Applications\Cloud\AWS\EWARM\B-L475E-IOT01\Obj\stm32l4xx_hal_rcc.o
#        D:\en.x-cube-aws\STM32CubeExpansion_Cloud_AWS_V1.2.0\Projects\B-L475E-IOT01\Applications\Cloud\AWS\EWARM\B-L475E-IOT01\Obj\stm32l4xx_hal_rcc_ex.o
#        D:\en.x-cube-aws\STM32CubeExpansion_Cloud_AWS_V1.2.0\Projects\B-L475E-IOT01\Applications\Cloud\AWS\EWARM\B-L475E-IOT01\Obj\stm32l4xx_hal_rng.o
#        D:\en.x-cube-aws\STM32CubeExpansion_Cloud_AWS_V1.2.0\Projects\B-L475E-IOT01\Applications\Cloud\AWS\EWARM\B-L475E-IOT01\Obj\stm32l4xx_hal_rtc.o
#        D:\en.x-cube-aws\STM32CubeExpansion_Cloud_AWS_V1.2.0\Projects\B-L475E-IOT01\Applications\Cloud\AWS\EWARM\B-L475E-IOT01\Obj\stm32l4xx_hal_rtc_ex.o
#        D:\en.x-cube-aws\STM32CubeExpansion_Cloud_AWS_V1.2.0\Projects\B-L475E-IOT01\Applications\Cloud\AWS\EWARM\B-L475E-IOT01\Obj\stm32l4xx_hal_spi.o
#        D:\en.x-cube-aws\STM32CubeExpansion_Cloud_AWS_V1.2.0\Projects\B-L475E-IOT01\Applications\Cloud\AWS\EWARM\B-L475E-IOT01\Obj\stm32l4xx_hal_spi_ex.o
#        D:\en.x-cube-aws\STM32CubeExpansion_Cloud_AWS_V1.2.0\Projects\B-L475E-IOT01\Applications\Cloud\AWS\EWARM\B-L475E-IOT01\Obj\stm32l4xx_hal_sram.o
#        D:\en.x-cube-aws\STM32CubeExpansion_Cloud_AWS_V1.2.0\Projects\B-L475E-IOT01\Applications\Cloud\AWS\EWARM\B-L475E-IOT01\Obj\stm32l4xx_hal_tim.o
#        D:\en.x-cube-aws\STM32CubeExpansion_Cloud_AWS_V1.2.0\Projects\B-L475E-IOT01\Applications\Cloud\AWS\EWARM\B-L475E-IOT01\Obj\stm32l4xx_hal_tim_ex.o
#        D:\en.x-cube-aws\STM32CubeExpansion_Cloud_AWS_V1.2.0\Projects\B-L475E-IOT01\Applications\Cloud\AWS\EWARM\B-L475E-IOT01\Obj\stm32l4xx_hal_uart.o
#        D:\en.x-cube-aws\STM32CubeExpansion_Cloud_AWS_V1.2.0\Projects\B-L475E-IOT01\Applications\Cloud\AWS\EWARM\B-L475E-IOT01\Obj\stm32l4xx_hal_uart_ex.o
#        D:\en.x-cube-aws\STM32CubeExpansion_Cloud_AWS_V1.2.0\Projects\B-L475E-IOT01\Applications\Cloud\AWS\EWARM\B-L475E-IOT01\Obj\stm32l4xx_hal_usart.o
#        D:\en.x-cube-aws\STM32CubeExpansion_Cloud_AWS_V1.2.0\Projects\B-L475E-IOT01\Applications\Cloud\AWS\EWARM\B-L475E-IOT01\Obj\stm32l4xx_hal_wwdg.o
#        D:\en.x-cube-aws\STM32CubeExpansion_Cloud_AWS_V1.2.0\Projects\B-L475E-IOT01\Applications\Cloud\AWS\EWARM\B-L475E-IOT01\Obj\stm32l4xx_it.o
#        D:\en.x-cube-aws\STM32CubeExpansion_Cloud_AWS_V1.2.0\Projects\B-L475E-IOT01\Applications\Cloud\AWS\EWARM\B-L475E-IOT01\Obj\stm32l4xx_ll_fmc.o
#        D:\en.x-cube-aws\STM32CubeExpansion_Cloud_AWS_V1.2.0\Projects\B-L475E-IOT01\Applications\Cloud\AWS\EWARM\B-L475E-IOT01\Obj\system_stm32l4xx.o
#        D:\en.x-cube-aws\STM32CubeExpansion_Cloud_AWS_V1.2.0\Projects\B-L475E-IOT01\Applications\Cloud\AWS\EWARM\B-L475E-IOT01\Obj\threading.o
#        D:\en.x-cube-aws\STM32CubeExpansion_Cloud_AWS_V1.2.0\Projects\B-L475E-IOT01\Applications\Cloud\AWS\EWARM\B-L475E-IOT01\Obj\timedate.o
#        D:\en.x-cube-aws\STM32CubeExpansion_Cloud_AWS_V1.2.0\Projects\B-L475E-IOT01\Applications\Cloud\AWS\EWARM\B-L475E-IOT01\Obj\timing.o
#        D:\en.x-cube-aws\STM32CubeExpansion_Cloud_AWS_V1.2.0\Projects\B-L475E-IOT01\Applications\Cloud\AWS\EWARM\B-L475E-IOT01\Obj\timingSystem.o
#        D:\en.x-cube-aws\STM32CubeExpansion_Cloud_AWS_V1.2.0\Projects\B-L475E-IOT01\Applications\Cloud\AWS\EWARM\B-L475E-IOT01\Obj\version.o
#        D:\en.x-cube-aws\STM32CubeExpansion_Cloud_AWS_V1.2.0\Projects\B-L475E-IOT01\Applications\Cloud\AWS\EWARM\B-L475E-IOT01\Obj\version_features.o
#        D:\en.x-cube-aws\STM32CubeExpansion_Cloud_AWS_V1.2.0\Projects\B-L475E-IOT01\Applications\Cloud\AWS\EWARM\B-L475E-IOT01\Obj\vl53l0x_api.o
#        D:\en.x-cube-aws\STM32CubeExpansion_Cloud_AWS_V1.2.0\Projects\B-L475E-IOT01\Applications\Cloud\AWS\EWARM\B-L475E-IOT01\Obj\vl53l0x_api_calibration.o
#        D:\en.x-cube-aws\STM32CubeExpansion_Cloud_AWS_V1.2.0\Projects\B-L475E-IOT01\Applications\Cloud\AWS\EWARM\B-L475E-IOT01\Obj\vl53l0x_api_core.o
#        D:\en.x-cube-aws\STM32CubeExpansion_Cloud_AWS_V1.2.0\Projects\B-L475E-IOT01\Applications\Cloud\AWS\EWARM\B-L475E-IOT01\Obj\vl53l0x_api_ranging.o
#        D:\en.x-cube-aws\STM32CubeExpansion_Cloud_AWS_V1.2.0\Projects\B-L475E-IOT01\Applications\Cloud\AWS\EWARM\B-L475E-IOT01\Obj\vl53l0x_api_strings.o
#        D:\en.x-cube-aws\STM32CubeExpansion_Cloud_AWS_V1.2.0\Projects\B-L475E-IOT01\Applications\Cloud\AWS\EWARM\B-L475E-IOT01\Obj\vl53l0x_platform.o
#        D:\en.x-cube-aws\STM32CubeExpansion_Cloud_AWS_V1.2.0\Projects\B-L475E-IOT01\Applications\Cloud\AWS\EWARM\B-L475E-IOT01\Obj\vl53l0x_platform_log.o
#        D:\en.x-cube-aws\STM32CubeExpansion_Cloud_AWS_V1.2.0\Projects\B-L475E-IOT01\Applications\Cloud\AWS\EWARM\B-L475E-IOT01\Obj\vl53l0x_proximity.o
#        D:\en.x-cube-aws\STM32CubeExpansion_Cloud_AWS_V1.2.0\Projects\B-L475E-IOT01\Applications\Cloud\AWS\EWARM\B-L475E-IOT01\Obj\wifi.o
#        D:\en.x-cube-aws\STM32CubeExpansion_Cloud_AWS_V1.2.0\Projects\B-L475E-IOT01\Applications\Cloud\AWS\EWARM\B-L475E-IOT01\Obj\wifi_net.o
#        D:\en.x-cube-aws\STM32CubeExpansion_Cloud_AWS_V1.2.0\Projects\B-L475E-IOT01\Applications\Cloud\AWS\EWARM\B-L475E-IOT01\Obj\x509.o
#        D:\en.x-cube-aws\STM32CubeExpansion_Cloud_AWS_V1.2.0\Projects\B-L475E-IOT01\Applications\Cloud\AWS\EWARM\B-L475E-IOT01\Obj\x509_create.o
#        D:\en.x-cube-aws\STM32CubeExpansion_Cloud_AWS_V1.2.0\Projects\B-L475E-IOT01\Applications\Cloud\AWS\EWARM\B-L475E-IOT01\Obj\x509_crl.o
#        D:\en.x-cube-aws\STM32CubeExpansion_Cloud_AWS_V1.2.0\Projects\B-L475E-IOT01\Applications\Cloud\AWS\EWARM\B-L475E-IOT01\Obj\x509_crt.o
#        D:\en.x-cube-aws\STM32CubeExpansion_Cloud_AWS_V1.2.0\Projects\B-L475E-IOT01\Applications\Cloud\AWS\EWARM\B-L475E-IOT01\Obj\x509_csr.o
#        D:\en.x-cube-aws\STM32CubeExpansion_Cloud_AWS_V1.2.0\Projects\B-L475E-IOT01\Applications\Cloud\AWS\EWARM\B-L475E-IOT01\Obj\x509write_crt.o
#        D:\en.x-cube-aws\STM32CubeExpansion_Cloud_AWS_V1.2.0\Projects\B-L475E-IOT01\Applications\Cloud\AWS\EWARM\B-L475E-IOT01\Obj\x509write_csr.o
#        D:\en.x-cube-aws\STM32CubeExpansion_Cloud_AWS_V1.2.0\Projects\B-L475E-IOT01\Applications\Cloud\AWS\EWARM\B-L475E-IOT01\Obj\xtea.o
#        --redirect _Printf=_PrintfFull --redirect _Scanf=_ScanfFull -o
#        D:\en.x-cube-aws\STM32CubeExpansion_Cloud_AWS_V1.2.0\Projects\B-L475E-IOT01\Applications\Cloud\AWS\EWARM\B-L475E-IOT01\Exe\B-L475E-IOT01.out
#        --map
#        D:\en.x-cube-aws\STM32CubeExpansion_Cloud_AWS_V1.2.0\Projects\B-L475E-IOT01\Applications\Cloud\AWS\EWARM\B-L475E-IOT01\List\B-L475E-IOT01.map
#        --config
#        D:\en.x-cube-aws\STM32CubeExpansion_Cloud_AWS_V1.2.0\Projects\B-L475E-IOT01\Applications\Cloud\AWS\EWARM/stm32l475xx_flash.icf
#        --semihosting --entry __iar_program_start --vfe --text_out locale)
#
###############################################################################

*******************************************************************************
*** RUNTIME MODEL ATTRIBUTES
***

CppFlavor       = *
__Heap_Handler  = DLMalloc
__SystemLibrary = DLib
__dlib_version  = 6


*******************************************************************************
*** HEAP SELECTION
***

The advanced heap was selected because the application calls memory
allocation functions outside of system library functions, and there
are calls to deallocation functions in the application.


*******************************************************************************
*** PLACEMENT SUMMARY
***

"A1":  place at 0x08000000 { ro section .intvec };
"P1":  place in [from 0x08000000 to 0x080647ff] |
                [from 0x08067800 to 0x0807ffff] { ro };
define block CSTACK with size = 8K, alignment = 8 { };
define block HEAP with size = 68K, alignment = 8 { };
"P2":  place in [from 0x20000000 to 0x20016400] {
          block CSTACK, rw, block HEAP };
initialize by copy { rw };

No sections matched the following patterns:

  ro section INITED_FIXED_LOC  in "P4"
  ro section UNINIT_FIXED_LOC  in "P3"
  ro section firewall_section  in "A0"


  Section            Kind        Address     Size  Object
  -------            ----        -------     ----  ------
"A1":                                       0x188
  .intvec            ro code  0x08000000    0x188  startup_stm32l475xx.o [1]
                            - 0x08000188    0x188

"P1":                                     0x328cc
  .text              ro code  0x08000188   0x3b44  ssl_tls.o [1]
  .text              ro code  0x08003ccc    0x2a4  md.o [1]
  .text              ro code  0x08003f70     0x36  strlen.o [5]
  .text              ro code  0x08003fa6     0x26  xencoding_8859_1.o [3]
  .text              ro code  0x08003fcc     0xa6  ABImemcpy.o [5]
  .text              ro code  0x08004072     0x1e  xsscin.o [3]
  .text              ro code  0x08004090    0x344  cipher.o [1]
  .text              ro code  0x080043d4    0x614  debug.o [1]
  .text              ro code  0x080049e8    0x50c  ssl_ciphersuites.o [1]
  .text              ro code  0x08004ef4    0xc14  sha256.o [1]
  .text              ro code  0x08005b08    0xff0  sha512.o [1]
  .text              ro code  0x08006af8     0x96  ABImemmove.o [5]
  .text              ro code  0x08006b8e     0x1a  xsnprout.o [3]
  .text              ro code  0x08006ba8   0x1bcc  x509_crt.o [1]
  .text              ro code  0x08008774     0x68  memcmp.o [5]
  .text              ro code  0x080087dc    0x2a4  pk.o [1]
  .text              ro code  0x08008a80      0x6  ABImemclr.o [5]
  .text              ro code  0x08008a86      0xa  xsprout.o [3]
  .text              ro code  0x08008a90      0x6  ABImemclr4.o [5]
  .text              ro code  0x08008a98    0x188  ecdh.o [1]
  .text              ro code  0x08008c20   0x2de0  ssl_cli.o [1]
  .text              ro code  0x0800ba00     0x66  ABImemset.o [5]
  .text              ro code  0x0800ba68   0x1e50  ecp.o [1]
  .text              ro code  0x0800d8b8    0x6d8  gcm.o [1]
  .text              ro code  0x0800df90    0x35c  ccm.o [1]
  .text              ro code  0x0800e2ec     0x3c  vsnprint.o [3]
  .text              ro code  0x0800e328     0x44  snprintf.o [3]
  .text              ro code  0x0800e36c    0x2fc  asn1parse.o [1]
  .text              ro code  0x0800e668    0x860  x509.o [1]
  .text              ro code  0x0800eec8    0x78c  oid.o [1]
  .text              ro code  0x0800f654    0xbe4  pkparse.o [1]
  .text              ro code  0x08010238     0x30  strstr.o [3]
  .text              ro code  0x08010268    0x15c  pem.o [1]
  .text              ro code  0x080103c4   0x127c  rsa.o [1]
  .text              ro code  0x08011640     0x3a  ABImemset48.o [5]
  .text              ro code  0x0801167c   0x17e6  bignum.o [1]
  .text              ro code  0x08012e64    0xf70  ecp_curves.o [1]
  .text              ro code  0x08013dd4    0xf96  xprintffull.o [3]
  .text              ro code  0x08014d6c    0x376  pkcs12.o [1]
  .text              ro code  0x080150e4    0x300  pkcs5.o [1]
  .text              ro code  0x080153e4     0x16  strchr.o [5]
  .text              ro code  0x080153fc    0x180  base64.o [1]
  .text              ro code  0x0801557c    0x22e  I64DivMod.o [5]
  .text              ro code  0x080157ac    0x108  xlocale_c.o [3]
  .text              ro code  0x080158b4     0x40  xfail_s.o [3]
  .text              ro code  0x080158f4     0x58  memchr.o [5]
  .text              ro code  0x0801594c      0xa  xmbcurmax.o [3]
  .text              ro code  0x08015958    0x1a2  DblMul.o [4]
  .text              ro code  0x08015afc     0x70  frexp.o [4]
  .text              ro code  0x08015b6c     0x2e  DblCmpLe.o [4]
  .text              ro code  0x08015b9c     0x2e  DblCmpGe.o [4]
  .text              ro code  0x08015bcc    0x13a  ldexp.o [4]
  .text              ro code  0x08015d08     0x3a  DblToS32.o [4]
  .text              ro code  0x08015d44     0x22  S32ToDbl.o [4]
  .text              ro code  0x08015d68     0xe2  DblSub.o [4]
  .text              ro code  0x08015e4c    0x246  DblDiv.o [4]
  .text              ro code  0x08016094     0x28  DblToU32.o [4]
  .text              ro code  0x080160bc     0x1a  U32ToDbl.o [4]
  .text              ro code  0x080160d8      0x2  I64DivZer.o [5]
  .text              ro code  0x080160da      0x6  abort.o [3]
  .text              ro code  0x080160e0    0x178  DblAdd.o [4]
  .text              ro code  0x08016258     0x14  exit.o [6]
  .text              ro code  0x0801626c   0x2698  aes.o [1]
  .text              ro code  0x08018904   0x1514  dlmalloc.o [3]
  .text              ro code  0x08019e18     0x2c  xgetmemchunk.o [3]
  .text              ro code  0x08019e44   0x12d4  ripemd160.o [1]
  .text              ro code  0x0801b118   0x11cc  vl53l0x_api_core.o [1]
  .text              ro code  0x0801c2e4    0x1a0  vl53l0x_platform.o [1]
  .text              ro code  0x0801c484    0xba4  vl53l0x_api.o [1]
  .text              ro code  0x0801d028     0x4c  strcpy.o [5]
  .text              ro code  0x0801d074    0x682  vl53l0x_api_calibration.o [1]
  .text              ro code  0x0801d6f8    0x7ca  stm32l4xx_hal_i2c.o [1]
  .text              ro code  0x0801dec2     0x1e  stm32l4xx_hal.o [1]
  .text              ro code  0x0801dee0    0x110  vl53l0x_api_strings.o [1]
  .text              ro code  0x0801dff0      0x2  stm32l4xx_hal_i2c.o [1]
  .text              ro code  0x0801dff4      0xc  stm32l4xx_hal.o [1]
  .text              ro code  0x0801e000   0x108c  des.o [1]
  .text              ro code  0x0801f08c   0x1074  sha1.o [1]
  .text              ro code  0x08020100    0xf6e  stm32l4xx_hal_spi.o [1]
  .text              ro code  0x0802106e      0x2  stm32l4xx_hal_spi.o [1]
  .text              ro code  0x08021070     0x4c  stm32l4xx_hal_dma.o [1]
  .text              ro code  0x080210bc      0x2  stm32l4xx_hal_spi.o [1]
  .text              ro code  0x080210be      0x2  stm32l4xx_hal_spi.o [1]
  .text              ro code  0x080210c0    0x47c  es_wifi_io.o [1]
  .text              ro code  0x0802153c    0x218  stm32l4xx_hal_gpio.o [1]
  .text              ro code  0x08021754     0xce  stm32l4xx_hal_cortex.o [1]
  .text              ro code  0x08021824    0x1dc  main.o [1]
  .text              ro code  0x08021a00     0x18  stm32l4xx_hal.o [1]
  .text              ro code  0x08021a18    0x6c4  stm32l4xx_hal_rcc.o [1]
  .text              ro code  0x080220dc    0x542  stm32l4xx_hal_rcc_ex.o [1]
  .text              ro code  0x08022620     0x9c  stm32l4xx_hal_msp.o [1]
  .text              ro code  0x080226bc    0x342  stm32l475e_iot01.o [1]
  .text              ro code  0x080229fe     0x8c  stm32l4xx_hal_rng.o [1]
  .text              ro code  0x08022a8c    0x2be  stm32l4xx_hal_rtc.o [1]
  .text              ro code  0x08022d4c    0x69c  cloud.o [1]
  .text              ro code  0x080233e8    0xaf4  aws_subscribe_publish_sensor_values.o [1]
  .text              ro code  0x08023edc    0x632  stm32l4xx_hal_uart.o [1]
  .text              ro code  0x08024510     0x28  stm32l4xx_hal.o [1]
  .text              ro code  0x08024538     0x7c  stm32l4xx_hal_pwr_ex.o [1]
  .text              ro code  0x080245b4     0x5c  stm32l4xx_hal_i2c_ex.o [1]
  .text              ro code  0x08024610     0x28  printf.o [3]
  .text              ro code  0x08024638      0xc  getchar.o [3]
  .text              ro code  0x08024644     0x10  rand.o [3]
  .text              ro code  0x08024654    0x574  net.o [1]
  .text              ro code  0x08024bc8    0x9b0  iot_flash_config.o [1]
  .text              ro code  0x08025578    0x63c  timedate.o [1]
  .text              ro code  0x08025bb4    0x4d8  sensors_data.o [1]
  .text              ro code  0x0802608c    0x218  aws_iot_mqtt_client.o [1]
  .text              ro code  0x080262a4    0x3e0  aws_iot_mqtt_client_connect.o [1]
  .text              ro code  0x08026684    0x369  aws_iot_mqtt_client_publish.o [1]
  .text              ro code  0x080269f0    0x399  aws_iot_mqtt_client_subscribe.o [1]
  .text              ro code  0x08026d8c     0x40  sprintf.o [3]
  .text              ro code  0x08026dcc     0x20  strcat.o [3]
  .text              ro code  0x08026dec    0x222  aws_iot_mqtt_client_yield.o [1]
  .text              ro code  0x0802700e      0x4  heaptramp0.o [3]
  .text              ro code  0x08027014    0x1c8  wifi.o [1]
  .text              ro code  0x080271dc    0x75c  net_tcp_wifi.o [1]
  .text              ro code  0x08027938    0xcdc  net_tls_mbedtls.o [1]
  .text              ro code  0x08028614    0x174  iar_Stoulx.o [3]
  .text              ro code  0x08028788     0x4a  strcmp.o [5]
  .text              ro code  0x080287d4    0x2b0  flash_l4.o [1]
  .text              ro code  0x08028a84     0x28  strncmp.o [3]
  .text              ro code  0x08028aac     0x28  sscanf.o [3]
  .text              ro code  0x08028ad4     0x34  stm32l475e_iot01_hsensor.o [1]
  .text              ro code  0x08028b08     0x2c  stm32l475e_iot01_tsensor.o [1]
  .text              ro code  0x08028b34     0x34  stm32l475e_iot01_psensor.o [1]
  .text              ro code  0x08028b68     0x54  stm32l475e_iot01_magneto.o [1]
  .text              ro code  0x08028bbc     0x38  stm32l475e_iot01_gyro.o [1]
  .text              ro code  0x08028bf4     0x3c  stm32l475e_iot01_accelero.o [1]
  .text              ro code  0x08028c30    0x328  vl53l0x_proximity.o [1]
  .text              ro code  0x08028f58     0x48  FltToDbl.o [4]
  .text              ro code  0x08028fa0    0xae4  aws_network_st_wrapper.o [1]
  .text              ro code  0x08029a84     0x58  aws_timer.o [1]
  .text              ro code  0x08029adc    0x511  aws_iot_mqtt_client_common_internal.o [1]
  .text              ro code  0x08029ff0    0xd20  es_wifi.o [1]
  .text              ro code  0x0802ad10     0x70  strncpy.o [5]
  .text              ro code  0x0802ad80     0x10  platform.o [1]
  .text              ro code  0x0802ad90    0x33c  ctr_drbg.o [1]
  .text              ro code  0x0802b0cc    0x1e4  entropy.o [1]
  .text              ro code  0x0802b2b0    0x520  x509_crl.o [1]
  .text              ro code  0x0802b7d0     0x3c  fprintf.o [3]
  .text              ro code  0x0802b80c     0x14  isspace.o [3]
  .text              ro code  0x0802b820     0x14  tolower.o [3]
  .text              ro code  0x0802b834    0x228  stm32l4xx_hal_flash.o [1]
  .text              ro code  0x0802ba5c    0x1a4  stm32l4xx_hal_flash_ex.o [1]
  .text              ro code  0x0802bc00    0xee8  xscanffull.o [3]
  .text              ro code  0x0802cae8     0x48  strtok.o [3]
  .text              ro code  0x0802cb30     0x3c  wctob.o [3]
  .text              ro code  0x0802cb6c     0x9c  iar_Stollx.o [3]
  .text              ro code  0x0802cc08    0x1b8  iar_Stoullx.o [3]
  .text              ro code  0x0802cdc0    0x598  strto64.o [4]
  .text              ro code  0x0802d358     0x14  isalpha.o [3]
  .text              ro code  0x0802d36c     0x68  DblToFlt.o [4]
  .text              ro code  0x0802d3d4     0x22  strspn.o [3]
  .text              ro code  0x0802d3f6     0x22  strcspn.o [3]
  .text              ro code  0x0802d418    0x122  iar_Stopfx.o [3]
  .text              ro code  0x0802d53c    0x1c8  iar_Stoflt.o [3]
  .text              ro code  0x0802d704    0x21c  iar_Stoxflt.o [3]
  .rodata            const    0x0802d920    0xbb0  oid.o [1]
  .text              ro code  0x0802e4d0    0xa3c  md5.o [1]
  .rodata            const    0x0802ef0c    0x8b8  ecp_curves.o [1]
  .text              ro code  0x0802f7c4    0x564  ecdsa.o [1]
  .text              ro code  0x0802fd28    0x21e  hmac_drbg.o [1]
  .text              ro code  0x0802ff48    0x130  asn1write.o [1]
  .rodata            const    0x08030078    0x500  aes.o [1]
  .rodata            const    0x08030578    0x418  x509_crt.o [1]
  .text              ro code  0x08030990    0x310  wifi_net.o [1]
  .rodata            const    0x08030ca0    0x2d8  cipher_wrap.o [1]
  .text              ro code  0x08030f78    0x294  pk_wrap.o [1]
  .text              ro code  0x0803120c    0x284  mbedtls_net.o [1]
  .text              ro code  0x08031490    0x1f0  lsm6dsl.o [1]
  .rodata            const    0x08031680    0x1e1  ssl_ciphersuites.o [1]
  .text              ro code  0x08031864    0x1c8  hts221.o [1]
  .rodata            const    0x08031a2c    0x188  md_wrap.o [1]
  .text              ro code  0x08031bb4    0x146  md_wrap.o [1]
  .text              ro code  0x08031cfc    0x134  lis3mdl.o [1]
  .text              ro code  0x08031e30    0x112  cipher_wrap.o [1]
  .rodata            const    0x08031f44     0xd8  pk_wrap.o [1]
  .text              ro code  0x0803201c     0xa8  lps22hb.o [1]
  .text              ro code  0x080320c4     0x9c  packbits_init.o [5]
  .rodata            const    0x08032160     0x90  ecp.o [1]
  .text              ro code  0x080321f0     0x90  system_stm32l4xx.o [1]
  .rodata            const    0x08032280     0x68  aws_iot_mqtt_client.o [1]
  .text              ro code  0x080322e8     0x40  zero_init3.o [5]
  .text              ro code  0x08032328     0x30  entropy_hardware_poll.o [1]
  .text              ro code  0x08032358     0x2c  stm32l4xx_it.o [1]
  .text              ro code  0x08032384     0x10  stm32l4xx_hal.o [1]
  .text              ro code  0x08032394     0x28  data_init.o [5]
  .text              ro code  0x080323bc     0x22  fpinit_M.o [4]
  .iar.init_table    const    0x080323e0     0x2c  - Linker created -
  .text              ro code  0x0803240c     0x1e  cmain.o [5]
  .text              ro code  0x0803242a      0x4  low_level_init.o [3]
  .text              ro code  0x0803242e      0x4  exit.o [3]
  .text              ro code  0x08032434      0xa  cexit.o [5]
  .text              ro code  0x0803243e     0x18  xfprout.o [3]
  .text              ro code  0x08032456     0x16  xprout.o [3]
  .text              ro code  0x0803246c      0xc  putchar.o [3]
  .text              ro code  0x08032478     0x10  startup_stm32l475xx.o [1]
  .text              ro code  0x08032488      0xc  cstartup_M.o [5]
  .rodata            const    0x08032494      0x8  system_stm32l4xx.o [1]
  .rodata            const    0x0803249c      0x6  xlocale_c.o [3]
  .text              ro code  0x080324a2      0x4  startup_stm32l475xx.o [1]
  .text              ro code  0x080324a6      0x4  startup_stm32l475xx.o [1]
  .text              ro code  0x080324aa      0x4  startup_stm32l475xx.o [1]
  .text              ro code  0x080324ae      0x4  startup_stm32l475xx.o [1]
  .text              ro code  0x080324b2      0x4  startup_stm32l475xx.o [1]
  .text              ro code  0x080324b6      0x4  startup_stm32l475xx.o [1]
  .text              ro code  0x080324ba      0x4  startup_stm32l475xx.o [1]
  .text              ro code  0x080324be      0x4  startup_stm32l475xx.o [1]
  .text              ro code  0x080324c2      0x4  startup_stm32l475xx.o [1]
  .text              ro code  0x080324c6      0x4  startup_stm32l475xx.o [1]
  .text              ro code  0x080324ca      0x4  startup_stm32l475xx.o [1]
  .text              ro code  0x080324ce      0x4  startup_stm32l475xx.o [1]
  .text              ro code  0x080324d2      0x4  startup_stm32l475xx.o [1]
  .text              ro code  0x080324d6      0x4  startup_stm32l475xx.o [1]
  .text              ro code  0x080324da      0x4  startup_stm32l475xx.o [1]
  .text              ro code  0x080324de      0x4  startup_stm32l475xx.o [1]
  .text              ro code  0x080324e2      0x4  startup_stm32l475xx.o [1]
  .text              ro code  0x080324e6      0x4  startup_stm32l475xx.o [1]
  .text              ro code  0x080324ea      0x4  startup_stm32l475xx.o [1]
  .text              ro code  0x080324ee      0x4  startup_stm32l475xx.o [1]
  .text              ro code  0x080324f2      0x4  startup_stm32l475xx.o [1]
  .text              ro code  0x080324f6      0x4  startup_stm32l475xx.o [1]
  .text              ro code  0x080324fa      0x4  startup_stm32l475xx.o [1]
  .text              ro code  0x080324fe      0x4  startup_stm32l475xx.o [1]
  .text              ro code  0x08032502      0x4  startup_stm32l475xx.o [1]
  .text              ro code  0x08032506      0x4  startup_stm32l475xx.o [1]
  .text              ro code  0x0803250a      0x4  startup_stm32l475xx.o [1]
  .text              ro code  0x0803250e      0x4  startup_stm32l475xx.o [1]
  .text              ro code  0x08032512      0x4  startup_stm32l475xx.o [1]
  .text              ro code  0x08032516      0x4  startup_stm32l475xx.o [1]
  .text              ro code  0x0803251a      0x4  startup_stm32l475xx.o [1]
  .text              ro code  0x0803251e      0x4  startup_stm32l475xx.o [1]
  .text              ro code  0x08032522      0x4  startup_stm32l475xx.o [1]
  .text              ro code  0x08032526      0x4  startup_stm32l475xx.o [1]
  .text              ro code  0x0803252a      0x4  startup_stm32l475xx.o [1]
  .text              ro code  0x0803252e      0x4  startup_stm32l475xx.o [1]
  .text              ro code  0x08032532      0x4  startup_stm32l475xx.o [1]
  .text              ro code  0x08032536      0x4  startup_stm32l475xx.o [1]
  .text              ro code  0x0803253a      0x4  startup_stm32l475xx.o [1]
  .text              ro code  0x0803253e      0x4  startup_stm32l475xx.o [1]
  .text              ro code  0x08032542      0x4  startup_stm32l475xx.o [1]
  .text              ro code  0x08032546      0x4  startup_stm32l475xx.o [1]
  .text              ro code  0x0803254a      0x4  startup_stm32l475xx.o [1]
  .text              ro code  0x0803254e      0x4  startup_stm32l475xx.o [1]
  .text              ro code  0x08032552      0x4  startup_stm32l475xx.o [1]
  .text              ro code  0x08032556      0x4  startup_stm32l475xx.o [1]
  .text              ro code  0x0803255a      0x4  startup_stm32l475xx.o [1]
  .text              ro code  0x0803255e      0x4  startup_stm32l475xx.o [1]
  .text              ro code  0x08032562      0x4  startup_stm32l475xx.o [1]
  .text              ro code  0x08032566      0x4  startup_stm32l475xx.o [1]
  .text              ro code  0x0803256a      0x4  startup_stm32l475xx.o [1]
  .text              ro code  0x0803256e      0x4  startup_stm32l475xx.o [1]
  .text              ro code  0x08032572      0x4  startup_stm32l475xx.o [1]
  .text              ro code  0x08032576      0x4  startup_stm32l475xx.o [1]
  .text              ro code  0x0803257a      0x4  startup_stm32l475xx.o [1]
  .text              ro code  0x0803257e      0x4  startup_stm32l475xx.o [1]
  .text              ro code  0x08032582      0x4  startup_stm32l475xx.o [1]
  .text              ro code  0x08032586      0x4  startup_stm32l475xx.o [1]
  .text              ro code  0x0803258a      0x4  startup_stm32l475xx.o [1]
  .text              ro code  0x0803258e      0x4  startup_stm32l475xx.o [1]
  .text              ro code  0x08032592      0x4  startup_stm32l475xx.o [1]
  .text              ro code  0x08032596      0x4  startup_stm32l475xx.o [1]
  .text              ro code  0x0803259a      0x4  startup_stm32l475xx.o [1]
  .text              ro code  0x0803259e      0x4  startup_stm32l475xx.o [1]
  .text              ro code  0x080325a2      0x4  startup_stm32l475xx.o [1]
  .text              ro code  0x080325a6      0x4  startup_stm32l475xx.o [1]
  .text              ro code  0x080325aa      0x4  startup_stm32l475xx.o [1]
  .text              ro code  0x080325ae      0x4  startup_stm32l475xx.o [1]
  .text              ro code  0x080325b2      0x4  startup_stm32l475xx.o [1]
  .text              ro code  0x080325b6      0x4  startup_stm32l475xx.o [1]
  .text              ro code  0x080325ba      0x4  startup_stm32l475xx.o [1]
  .text              ro code  0x080325be      0x4  startup_stm32l475xx.o [1]
  .text              ro code  0x080325c2      0x4  startup_stm32l475xx.o [1]
  .text              ro code  0x080325c6      0x4  startup_stm32l475xx.o [1]
  .text              ro code  0x080325ca      0x4  startup_stm32l475xx.o [1]
  .text              ro code  0x080325ce      0x4  startup_stm32l475xx.o [1]
  .text              ro code  0x080325d2      0x4  startup_stm32l475xx.o [1]
  .rodata            const    0x080325d6      0x0  zero_init3.o [5]
  .rodata            const    0x080325d6      0x0  packbits_init.o [5]
  Initializer bytes  const    0x080325d6    0x47e  <for P2 s0>
                            - 0x08032a54  0x328cc

"P2", part 1 of 3:                          0x74c
  P2 s0                       0x20000000    0x74c  <Init block>
    .data            inited   0x20000000    0x1b8  vl53l0x_api.o [1]
    .data            inited   0x200001b8    0x188  vl53l0x_proximity.o [1]
    .data            inited   0x20000340     0xf4  vl53l0x_api.o [1]
    .data            inited   0x20000434     0xa8  aws_subscribe_publish_sensor_values.o [1]
    .data            inited   0x200004dc     0x48  xfiles.o [3]
    .data            inited   0x20000524     0x48  xfiles.o [3]
    .data            inited   0x2000056c     0x48  xlocale_c.o [3]
    .data            inited   0x200005b4     0x38  xlocale_c.o [3]
    .data            inited   0x200005ec     0x34  lis3mdl.o [1]
    .data            inited   0x20000620     0x34  lsm6dsl.o [1]
    .data            inited   0x20000654     0x34  lsm6dsl.o [1]
    .data            inited   0x20000688     0x30  ssl_tls.o [1]
    .data            inited   0x200006b8     0x14  ssl_tls.o [1]
    .data            inited   0x200006cc     0x10  hts221.o [1]
    .data            inited   0x200006dc     0x10  vl53l0x_api_calibration.o [1]
    .data            inited   0x200006ec      0xc  hts221.o [1]
    .data            inited   0x200006f8      0xc  lps22hb.o [1]
    .data            inited   0x20000704      0xc  stm32l475e_iot01.o [1]
    .data            inited   0x20000710      0x8  ecp_curves.o [1]
    .data            inited   0x20000718      0x8  ecp_curves.o [1]
    .data            inited   0x20000720      0x8  ecp_curves.o [1]
    .data            inited   0x20000728      0x8  platform.o [1]
    .data            inited   0x20000730      0x8  rand.o [3]
    .data            inited   0x20000738      0x4  ecp_curves.o [1]
    .data            inited   0x2000073c      0x4  iot_flash_config.o [1]
    .data            inited   0x20000740      0x4  stm32l475e_iot01.o [1]
    .data            inited   0x20000744      0x4  stm32l475e_iot01.o [1]
    .data            inited   0x20000748      0x4  system_stm32l4xx.o [1]
                            - 0x2000074c    0x74c

"P2", part 2 of 3:                          0xb5c
  .bss               zero     0x2000074c    0x6a8  wifi.o [1]
  .bss               zero     0x20000df4    0x1d8  dlmalloc.o [3]
  .bss               zero     0x20000fcc     0x78  main.o [1]
  .bss               zero     0x20001044     0x70  es_wifi_io.o [1]
  .bss               zero     0x200010b4     0x50  xfiles.o [3]
  .bss               zero     0x20001104     0x4c  stm32l475e_iot01.o [1]
  .bss               zero     0x20001150     0x40  ssl_ciphersuites.o [1]
  .bss               zero     0x20001190     0x40  vl53l0x_platform.o [1]
  .bss               zero     0x200011d0     0x30  main.o [1]
  .bss               zero     0x20001200     0x20  stm32l4xx_hal_flash.o [1]
  .bss               zero     0x20001220     0x1c  aws_iot_mqtt_client.o [1]
  .bss               zero     0x2000123c     0x18  dlmalloc.o [3]
  .bss               zero     0x20001254     0x10  ecp.o [1]
  .bss               zero     0x20001264      0xc  ecp.o [1]
  .bss               zero     0x20001270      0x4  debug.o [1]
  .bss               zero     0x20001274      0x4  es_wifi.o [1]
  .bss               zero     0x20001278      0x4  main.o [1]
  .bss               zero     0x2000127c      0x4  stm32l475e_iot01_accelero.o [1]
  .bss               zero     0x20001280      0x4  stm32l475e_iot01_gyro.o [1]
  .bss               zero     0x20001284      0x4  stm32l475e_iot01_hsensor.o [1]
  .bss               zero     0x20001288      0x4  stm32l475e_iot01_magneto.o [1]
  .bss               zero     0x2000128c      0x4  stm32l475e_iot01_psensor.o [1]
  .bss               zero     0x20001290      0x4  stm32l475e_iot01_tsensor.o [1]
  .bss               zero     0x20001294      0x4  stm32l4xx_hal.o [1]
  .bss               zero     0x20001298      0x4  strtok.o [3]
  .bss               zero     0x2000129c      0x4  xfail_s.o [3]
  .bss               zero     0x200012a0      0x4  xgetmemchunk.o [3]
  .bss               zero     0x200012a4      0x1  main.o [1]
                            - 0x200012a5    0xb59

"P2", part 3 of 3:                        0x13000
  CSTACK                      0x200012a8   0x2000  <Block>
    CSTACK           uninit   0x200012a8   0x2000  <Block tail>
  HEAP                        0x200032a8  0x11000  <Block>
    HEAP             uninit   0x200032a8  0x11000  <Block tail>
                            - 0x200142a8  0x13000


*******************************************************************************
*** INIT TABLE
***

          Address     Size
          -------     ----
Zero (__iar_zero_init3)
    1 destination range, total size 0xb59:
          0x2000074c  0xb59

Copy/packbits (__iar_packbits_init3)
    1 source range, total size 0x47e (61% of destination):
          0x080325d6  0x47e
    1 destination range, total size 0x74c:
          0x20000000  0x74c



*******************************************************************************
*** MODULE SUMMARY
***

    Module                                 ro code  ro data  rw data
    ------                                 -------  -------  -------
D:\en.x-cube-aws\STM32CubeExpansion_Cloud_AWS_V1.2.0\Projects\B-L475E-IOT01\Applications\Cloud\AWS\EWARM\B-L475E-IOT01\Obj: [1]
    aes.o                                    9 880    1 280
    asn1parse.o                                764
    asn1write.o                                304
    aws_iot_mqtt_client.o                      536      104       28
    aws_iot_mqtt_client_common_internal.o    1 297
    aws_iot_mqtt_client_connect.o              992
    aws_iot_mqtt_client_publish.o              873
    aws_iot_mqtt_client_subscribe.o            921
    aws_iot_mqtt_client_yield.o                546
    aws_network_st_wrapper.o                 2 788
    aws_subscribe_publish_sensor_values.o    2 804      103      168
    aws_timer.o                                 88
    base64.o                                   384
    bignum.o                                 6 118
    ccm.o                                      860
    cipher.o                                   836
    cipher_wrap.o                              274      728
    cloud.o                                  1 692
    ctr_drbg.o                                 828
    debug.o                                  1 556                 4
    des.o                                    4 236
    ecdh.o                                     392
    ecdsa.o                                  1 380
    ecp.o                                    7 760      144       28
    ecp_curves.o                             3 952    2 249       28
    entropy.o                                  484
    entropy_hardware_poll.o                     48
    es_wifi.o                                3 360                 4
    es_wifi_io.o                             1 148               112
    flash_l4.o                                 688
    gcm.o                                    1 752
    hmac_drbg.o                                542
    hts221.o                                   456       18       28
    iot_flash_config.o                       2 480        2        4
    lis3mdl.o                                  308       32       52
    lps22hb.o                                  168        7       12
    lsm6dsl.o                                  496       64      104
    main.o                                     476               173
    mbedtls_net.o                              644
    md.o                                       676
    md5.o                                    2 620
    md_wrap.o                                  326      392
    net.o                                    1 396
    net_tcp_wifi.o                           1 884
    net_tls_mbedtls.o                        3 292
    oid.o                                    1 932    2 992
    pem.o                                      348
    pk.o                                       676
    pk_wrap.o                                  660      216
    pkcs12.o                                   886
    pkcs5.o                                    768
    pkparse.o                                3 044
    platform.o                                  16        5        8
    ripemd160.o                              4 820
    rsa.o                                    4 732
    sensors_data.o                           1 240
    sha1.o                                   4 212
    sha256.o                                 3 092
    sha512.o                                 4 080
    ssl_ciphersuites.o                       1 292      481       64
    ssl_cli.o                               11 744
    ssl_tls.o                               15 172       42       68
    startup_stm32l475xx.o                      716
    stm32l475e_iot01.o                         834       13       96
    stm32l475e_iot01_accelero.o                 60                 4
    stm32l475e_iot01_gyro.o                     56                 4
    stm32l475e_iot01_hsensor.o                  52                 4
    stm32l475e_iot01_magneto.o                  84                 4
    stm32l475e_iot01_psensor.o                  52                 4
    stm32l475e_iot01_tsensor.o                  44                 4
    stm32l4xx_hal.o                            122                 4
    stm32l4xx_hal_cortex.o                     206
    stm32l4xx_hal_dma.o                         76
    stm32l4xx_hal_flash.o                      552                32
    stm32l4xx_hal_flash_ex.o                   420
    stm32l4xx_hal_gpio.o                       536
    stm32l4xx_hal_i2c.o                      1 996
    stm32l4xx_hal_i2c_ex.o                      92
    stm32l4xx_hal_msp.o                        156
    stm32l4xx_hal_pwr_ex.o                     124
    stm32l4xx_hal_rcc.o                      1 732
    stm32l4xx_hal_rcc_ex.o                   1 346
    stm32l4xx_hal_rng.o                        140
    stm32l4xx_hal_rtc.o                        702
    stm32l4xx_hal_spi.o                      3 956
    stm32l4xx_hal_uart.o                     1 586
    stm32l4xx_it.o                              44
    system_stm32l4xx.o                         144       11        4
    timedate.o                               1 596
    vl53l0x_api.o                            2 980      420      684
    vl53l0x_api_calibration.o                1 666        9       16
    vl53l0x_api_core.o                       4 556
    vl53l0x_api_strings.o                      272
    vl53l0x_platform.o                         416                64
    vl53l0x_proximity.o                        808      242      392
    wifi.o                                     456             1 704
    wifi_net.o                                 784
    x509.o                                   2 144
    x509_crl.o                               1 312
    x509_crt.o                               7 116    1 048
    ----------------------------------------------------------------
    Total:                                 173 953   10 602    3 905

command line: [2]
    ----------------------------------------------------------------
    Total:

dl7M_tlf.a: [3]
    abort.o                                      6
    dlmalloc.o                               5 396               496
    exit.o                                       4
    fprintf.o                                   60
    getchar.o                                   12
    heaptramp0.o                                 4
    iar_Stoflt.o                               456
    iar_Stollx.o                               156
    iar_Stopfx.o                               290
    iar_Stoullx.o                              440
    iar_Stoulx.o                               372
    iar_Stoxflt.o                              540
    isalpha.o                                   20
    isspace.o                                   20
    low_level_init.o                             4
    printf.o                                    40
    putchar.o                                   12
    rand.o                                      16        5        8
    snprintf.o                                  68
    sprintf.o                                   64
    sscanf.o                                    40
    strcat.o                                    32
    strcspn.o                                   34
    strncmp.o                                   40
    strspn.o                                    34
    strstr.o                                    48
    strtok.o                                    72                 4
    tolower.o                                   20
    vsnprint.o                                  60
    wctob.o                                     60
    xencoding_8859_1.o                          38
    xfail_s.o                                   64                 4
    xfiles.o                                             89      224
    xfprout.o                                   24
    xgetmemchunk.o                              44                 4
    xlocale_c.o                                264       85      128
    xmbcurmax.o                                 10
    xprintffull.o                            3 990
    xprout.o                                    22
    xscanffull.o                             3 816
    xsnprout.o                                  26
    xsprout.o                                   10
    xsscin.o                                    30
    ----------------------------------------------------------------
    Total:                                  16 758      179      868

m7M_tls.a: [4]
    DblAdd.o                                   376
    DblCmpGe.o                                  46
    DblCmpLe.o                                  46
    DblDiv.o                                   582
    DblMul.o                                   418
    DblSub.o                                   226
    DblToFlt.o                                 104
    DblToS32.o                                  58
    DblToU32.o                                  40
    FltToDbl.o                                  72
    S32ToDbl.o                                  34
    U32ToDbl.o                                  26
    fpinit_M.o                                  34
    frexp.o                                    112
    ldexp.o                                    314
    strto64.o                                1 432
    ----------------------------------------------------------------
    Total:                                   3 920

rt7M_tl.a: [5]
    ABImemclr.o                                  6
    ABImemclr4.o                                 6
    ABImemcpy.o                                166
    ABImemmove.o                               150
    ABImemset.o                                102
    ABImemset48.o                               58
    I64DivMod.o                                558
    I64DivZer.o                                  2
    cexit.o                                     10
    cmain.o                                     30
    cstartup_M.o                                12
    data_init.o                                 40
    memchr.o                                    88
    memcmp.o                                   104
    packbits_init.o                            156
    strchr.o                                    22
    strcmp.o                                    74
    strcpy.o                                    76
    strlen.o                                    54
    strncpy.o                                  112
    zero_init3.o                                64
    ----------------------------------------------------------------
    Total:                                   1 890

shb_l.a: [6]
    exit.o                                      20
    ----------------------------------------------------------------
    Total:                                      20

    Gaps                                        74        4
    Linker created                                       44   77 824
--------------------------------------------------------------------
    Grand Total:                           196 615   10 829   82 597


*******************************************************************************
*** ENTRY LIST
***

Entry                      Address    Size  Type      Object
-----                      -------    ----  ----      ------
.iar.init_table$$Base   0x080323e0           --   Gb  - Linker created -
.iar.init_table$$Limit  0x0803240c           --   Gb  - Linker created -
?main                   0x0803240d          Code  Gb  cmain.o [5]
AHBPrescTable           0x08032240    0x10  Data  Gb  system_stm32l4xx.o [1]
APBPrescTable           0x08032494     0x8  Data  Gb  system_stm32l4xx.o [1]
AT_ExecuteCommand       0x0802a221    0x64  Code  Lc  es_wifi.o [1]
AT_ParseConnSettings    0x0802a0e1    0xa8  Code  Lc  es_wifi.o [1]
AT_ParseTransportSettings
                        0x0802a18d    0x8e  Code  Lc  es_wifi.o [1]
AT_RequestReceiveData   0x0802a315    0x98  Code  Lc  es_wifi.o [1]
AT_RequestSendData      0x0802a28d    0x88  Code  Lc  es_wifi.o [1]
AccelerometerDrv        0x2000127c     0x4  Data  Lc  stm32l475e_iot01_accelero.o [1]
BSP_ACCELERO_AccGetXYZ  0x08028c17    0x10  Code  Gb  stm32l475e_iot01_accelero.o [1]
BSP_ACCELERO_Init       0x08028bf5    0x22  Code  Gb  stm32l475e_iot01_accelero.o [1]
BSP_COM_Init            0x080227c7    0x88  Code  Gb  stm32l475e_iot01.o [1]
BSP_GYRO_GetXYZ         0x08028bdd    0x10  Code  Gb  stm32l475e_iot01_gyro.o [1]
BSP_GYRO_Init           0x08028bbd    0x20  Code  Gb  stm32l475e_iot01_gyro.o [1]
BSP_HSENSOR_Init        0x08028ad5    0x20  Code  Gb  stm32l475e_iot01_hsensor.o [1]
BSP_HSENSOR_ReadHumidity
                        0x08028af5     0xa  Code  Gb  stm32l475e_iot01_hsensor.o [1]
BSP_LED_Init            0x080226bd    0x46  Code  Gb  stm32l475e_iot01.o [1]
BSP_LED_Off             0x08022717    0x12  Code  Gb  stm32l475e_iot01.o [1]
BSP_LED_On              0x08022703    0x14  Code  Gb  stm32l475e_iot01.o [1]
BSP_LED_Toggle          0x0802272f    0x16  Code  Gb  stm32l475e_iot01.o [1]
BSP_MAGNETO_GetXYZ      0x08028ba5    0x10  Code  Gb  stm32l475e_iot01_magneto.o [1]
BSP_MAGNETO_Init        0x08028b69    0x3c  Code  Gb  stm32l475e_iot01_magneto.o [1]
BSP_PB_Init             0x08022745    0x78  Code  Gb  stm32l475e_iot01.o [1]
BSP_PSENSOR_Init        0x08028b35    0x20  Code  Gb  stm32l475e_iot01_psensor.o [1]
BSP_PSENSOR_ReadPressure
                        0x08028b55     0xa  Code  Gb  stm32l475e_iot01_psensor.o [1]
BSP_TSENSOR_Init        0x08028b09    0x1a  Code  Gb  stm32l475e_iot01_tsensor.o [1]
BSP_TSENSOR_ReadTemp    0x08028b23     0xa  Code  Gb  stm32l475e_iot01_tsensor.o [1]
BUTTON_IRQn             0x080229ec     0x2  Data  Gb  stm32l475e_iot01.o [1]
BUTTON_PIN              0x080229e8     0x2  Data  Gb  stm32l475e_iot01.o [1]
BUTTON_PORT             0x20000744     0x4  Data  Gb  stm32l475e_iot01.o [1]
BusFault_Handler        0x0803235f     0x2  Code  Gb  stm32l4xx_it.o [1]
Button_WaitForMultiPush
                        0x0802194b    0x28  Code  Gb  main.o [1]
Button_WaitForPush      0x08021917    0x34  Code  Gb  main.o [1]
CLOUD_Error_Handler     0x08022d7d    0x4c  Code  Gb  cloud.o [1]
COM_RX_AF               0x080229fc     0x2  Data  Gb  stm32l475e_iot01.o [1]
COM_RX_PIN              0x080229f4     0x2  Data  Gb  stm32l475e_iot01.o [1]
COM_RX_PORT             0x2000070c     0x4  Data  Gb  stm32l475e_iot01.o [1]
COM_TX_AF               0x080229f8     0x2  Data  Gb  stm32l475e_iot01.o [1]
COM_TX_PIN              0x080229f0     0x2  Data  Gb  stm32l475e_iot01.o [1]
COM_TX_PORT             0x20000708     0x4  Data  Gb  stm32l475e_iot01.o [1]
COM_USART               0x20000704     0x4  Data  Gb  stm32l475e_iot01.o [1]
CSTACK$$Base            0x200012a8           --   Gb  - Linker created -
CSTACK$$Limit           0x200032a8           --   Gb  - Linker created -
CacheMore               0x080157ed    0x24  Code  Lc  xlocale_c.o [3]
CaptureAndFlashPem      0x08024dad    0x72  Code  Gb  iot_flash_config.o [1]
CaptureAndFlashPem::__func__
                        0x0802525c    0x14  Data  Lc  iot_flash_config.o [1]
DebugMon_Handler        0x08032365     0x2  Code  Gb  stm32l4xx_it.o [1]
DefaultTuningSettings   0x20000340    0xf4  Data  Gb  vl53l0x_api.o [1]
Dev                     0x200001b8   0x188  Data  Gb  vl53l0x_proximity.o [1]
Dtentox                 0x0802cf75   0x19a  Code  Lc  strto64.o [4]
ES_WIFI_Connect         0x0802a4b3    0x5c  Code  Gb  es_wifi.o [1]
ES_WIFI_DNS_LookUp      0x0802a5f5    0x30  Code  Gb  es_wifi.o [1]
ES_WIFI_GetMACAddress   0x0802a57d    0x2c  Code  Gb  es_wifi.o [1]
ES_WIFI_GetNetworkSettings
                        0x0802a53d    0x22  Code  Gb  es_wifi.o [1]
ES_WIFI_Init            0x0802a3c9    0xb0  Code  Gb  es_wifi.o [1]
ES_WIFI_IsConnected     0x0802a50f    0x2e  Code  Gb  es_wifi.o [1]
ES_WIFI_ReceiveData     0x0802a8b3    0xc6  Code  Gb  es_wifi.o [1]
ES_WIFI_ReceiveDataFrom
                        0x0802a999   0x130  Code  Gb  es_wifi.o [1]
ES_WIFI_RegisterBusIO   0x0802a485    0x2e  Code  Gb  es_wifi.o [1]
ES_WIFI_SendData        0x0802a70f    0xbe  Code  Gb  es_wifi.o [1]
ES_WIFI_SendDataTo      0x0802a7cd    0xdc  Code  Gb  es_wifi.o [1]
ES_WIFI_StartClientConnection
                        0x0802a63d    0xa6  Code  Gb  es_wifi.o [1]
ES_WIFI_StopClientConnection
                        0x0802a6ed    0x22  Code  Gb  es_wifi.o [1]
EXTI15_10_IRQHandler    0x08032377     0x8  Code  Gb  stm32l4xx_it.o [1]
EXTI1_IRQHandler        0x0803237f     0x6  Code  Gb  stm32l4xx_it.o [1]
Error_Handler           0x080219f1    0x10  Code  Gb  main.o [1]
EsWifiObj               0x2000074c   0x6a8  Data  Gb  wifi.o [1]
FLASH_FlushCaches       0x0802bb93    0x5a  Code  Gb  stm32l4xx_hal_flash_ex.o [1]
FLASH_MassErase         0x0802bb39    0x24  Code  Lc  stm32l4xx_hal_flash_ex.o [1]
FLASH_PageErase         0x0802bb5d    0x36  Code  Gb  stm32l4xx_hal_flash_ex.o [1]
FLASH_Program_DoubleWord
                        0x0802ba0d    0x14  Code  Lc  stm32l4xx_hal_flash.o [1]
FLASH_Program_Fast      0x0802ba21    0x1e  Code  Lc  stm32l4xx_hal_flash.o [1]
FLASH_SetErrorCode      0x0802b95f    0xae  Code  Lc  stm32l4xx_hal_flash.o [1]
FLASH_WaitForLastOperation
                        0x0802b8e1    0x7e  Code  Gb  stm32l4xx_hal_flash.o [1]
FLASH_get_bank          0x080287d5    0x36  Code  Lc  flash_l4.o [1]
FLASH_get_pageInBank    0x0802880b    0x58  Code  Lc  flash_l4.o [1]
FLASH_update            0x08028865   0x136  Code  Gb  flash_l4.o [1]
FSb                     0x08030078   0x100  Data  Lc  aes.o [1]
FT0                     0x08017410   0x400  Data  Lc  aes.o [1]
FT1                     0x08017010   0x400  Data  Lc  aes.o [1]
FT2                     0x08016c10   0x400  Data  Lc  aes.o [1]
FT3                     0x08016810   0x400  Data  Lc  aes.o [1]
GPIO_PIN                0x080229e4     0x4  Data  Gb  stm32l475e_iot01.o [1]
GPIO_PORT               0x20000740     0x4  Data  Gb  stm32l475e_iot01.o [1]
GyroscopeDrv            0x20001280     0x4  Data  Lc  stm32l475e_iot01_gyro.o [1]
HAL_DMA_Abort_IT        0x08021071    0x42  Code  Gb  stm32l4xx_hal_dma.o [1]
HAL_Delay               0x0801dec3    0x1e  Code  Wk  stm32l4xx_hal.o [1]
HAL_FLASHEx_Erase       0x0802ba5d    0xd6  Code  Gb  stm32l4xx_hal_flash_ex.o [1]
HAL_FLASH_Program       0x0802b835    0x90  Code  Gb  stm32l4xx_hal_flash.o [1]
HAL_FLASH_Unlock        0x0802b8c5    0x1c  Code  Gb  stm32l4xx_hal_flash.o [1]
HAL_GPIO_EXTI_Callback  0x080219b3    0x1a  Code  Gb  main.o [1]
HAL_GPIO_EXTI_IRQHandler
                        0x0802171b    0x10  Code  Gb  stm32l4xx_hal_gpio.o [1]
HAL_GPIO_Init           0x0802153d   0x1bc  Code  Gb  stm32l4xx_hal_gpio.o [1]
HAL_GPIO_ReadPin        0x080216f9     0xc  Code  Gb  stm32l4xx_hal_gpio.o [1]
HAL_GPIO_TogglePin      0x08021713     0x8  Code  Gb  stm32l4xx_hal_gpio.o [1]
HAL_GPIO_WritePin       0x08021705     0xe  Code  Gb  stm32l4xx_hal_gpio.o [1]
HAL_GetTick             0x0801dff5     0xc  Code  Wk  stm32l4xx_hal.o [1]
HAL_I2CEx_ConfigAnalogFilter
                        0x080245b5    0x32  Code  Gb  stm32l4xx_hal_i2c_ex.o [1]
HAL_I2C_DeInit          0x0801d79b    0x26  Code  Gb  stm32l4xx_hal_i2c.o [1]
HAL_I2C_Init            0x0801d6f9    0xa2  Code  Gb  stm32l4xx_hal_i2c.o [1]
HAL_I2C_Master_Receive  0x0801d88b    0xae  Code  Gb  stm32l4xx_hal_i2c.o [1]
HAL_I2C_Master_Transmit
                        0x0801d7d1    0xaa  Code  Gb  stm32l4xx_hal_i2c.o [1]
HAL_I2C_Mem_Read        0x0801dac3    0xd4  Code  Gb  stm32l4xx_hal_i2c.o [1]
HAL_I2C_Mem_Write       0x0801d9a5    0xc6  Code  Gb  stm32l4xx_hal_i2c.o [1]
HAL_IncTick             0x08032385    0x10  Code  Wk  stm32l4xx_hal.o [1]
HAL_Init                0x08021a01    0x16  Code  Gb  stm32l4xx_hal.o [1]
HAL_InitTick            0x08024511    0x28  Code  Wk  stm32l4xx_hal.o [1]
HAL_NVIC_EnableIRQ      0x080217c7    0x16  Code  Gb  stm32l4xx_hal_cortex.o [1]
HAL_NVIC_SetPriority    0x0802178d    0x3a  Code  Gb  stm32l4xx_hal_cortex.o [1]
HAL_NVIC_SetPriorityGrouping
                        0x08021773    0x1a  Code  Gb  stm32l4xx_hal_cortex.o [1]
HAL_PWREx_ControlVoltageScaling
                        0x08024545    0x64  Code  Gb  stm32l4xx_hal_pwr_ex.o [1]
HAL_PWREx_GetVoltageRange
                        0x08024539     0xc  Code  Gb  stm32l4xx_hal_pwr_ex.o [1]
HAL_RCCEx_EnableMSIPLLMode
                        0x08022419     0xc  Code  Gb  stm32l4xx_hal_rcc_ex.o [1]
HAL_RCCEx_PeriphCLKConfig
                        0x080220dd   0x318  Code  Gb  stm32l4xx_hal_rcc_ex.o [1]
HAL_RCC_ClockConfig     0x08021e31   0x122  Code  Gb  stm32l4xx_hal_rcc.o [1]
HAL_RCC_GetPCLK1Freq    0x0802200d    0x10  Code  Gb  stm32l4xx_hal_rcc.o [1]
HAL_RCC_GetPCLK2Freq    0x0802201d     0xe  Code  Gb  stm32l4xx_hal_rcc.o [1]
HAL_RCC_GetSysClockFreq
                        0x08021f67    0xa6  Code  Gb  stm32l4xx_hal_rcc.o [1]
HAL_RCC_OscConfig       0x08021a19   0x3d4  Code  Gb  stm32l4xx_hal_rcc.o [1]
HAL_RNG_GenerateRandomNumber
                        0x08022a2f    0x5c  Code  Gb  stm32l4xx_hal_rng.o [1]
HAL_RNG_Init            0x080229ff    0x30  Code  Gb  stm32l4xx_hal_rng.o [1]
HAL_RNG_MspInit         0x0802266f    0x22  Code  Gb  stm32l4xx_hal_msp.o [1]
HAL_RTC_Init            0x08022a8d    0x8a  Code  Gb  stm32l4xx_hal_rtc.o [1]
HAL_RTC_MspInit         0x08022691    0x14  Code  Gb  stm32l4xx_hal_msp.o [1]
HAL_RTC_SetDate         0x08022be5    0x86  Code  Gb  stm32l4xx_hal_rtc.o [1]
HAL_RTC_SetTime         0x08022b39    0x96  Code  Gb  stm32l4xx_hal_rtc.o [1]
HAL_RTC_WaitForSynchro  0x08022ccd    0x32  Code  Gb  stm32l4xx_hal_rtc.o [1]
HAL_SPI_DeInit          0x080201cb    0x28  Code  Gb  stm32l4xx_hal_spi.o [1]
HAL_SPI_IRQHandler      0x08020985    0xf4  Code  Gb  stm32l4xx_hal_spi.o [1]
HAL_SPI_Init            0x08020101    0xbe  Code  Gb  stm32l4xx_hal_spi.o [1]
HAL_SPI_Receive         0x080201f3   0x20e  Code  Gb  stm32l4xx_hal_spi.o [1]
HAL_SPI_Receive_IT      0x0802078d    0xd6  Code  Gb  stm32l4xx_hal_spi.o [1]
HAL_SPI_RxCpltCallback  0x080214eb     0xc  Code  Gb  es_wifi_io.o [1]
HAL_SPI_TransmitReceive
                        0x0802040d   0x298  Code  Gb  stm32l4xx_hal_spi.o [1]
HAL_SPI_TransmitReceive_IT
                        0x08020885    0xe6  Code  Gb  stm32l4xx_hal_spi.o [1]
HAL_SPI_Transmit_IT     0x080206fb    0x92  Code  Gb  stm32l4xx_hal_spi.o [1]
HAL_SPI_TxCpltCallback  0x080214f7     0xc  Code  Gb  es_wifi_io.o [1]
HAL_SYSTICK_Config      0x080217dd    0x28  Code  Gb  stm32l4xx_hal_cortex.o [1]
HAL_SYSTICK_IRQHandler  0x08021805     0x4  Code  Gb  stm32l4xx_hal_cortex.o [1]
HAL_UART_Init           0x08023edd    0x30  Code  Gb  stm32l4xx_hal_uart.o [1]
HAL_UART_Receive        0x0802400b    0xc8  Code  Gb  stm32l4xx_hal_uart.o [1]
HAL_UART_Transmit       0x08023f5d    0xae  Code  Gb  stm32l4xx_hal_uart.o [1]
HEAP$$Base              0x200032a8           --   Gb  - Linker created -
HEAP$$Limit             0x200142a8           --   Gb  - Linker created -
HTS221_H_Drv            0x200006ec     0xc  Data  Gb  hts221.o [1]
HTS221_H_Init           0x08031865     0x4  Code  Gb  hts221.o [1]
HTS221_H_ReadHumidity   0x0803187d    0xce  Code  Gb  hts221.o [1]
HTS221_H_ReadID         0x08031869    0x14  Code  Gb  hts221.o [1]
HTS221_T_Drv            0x200006cc    0x10  Data  Gb  hts221.o [1]
HTS221_T_Init           0x08031959     0x2  Code  Gb  hts221.o [1]
HTS221_T_ReadTemp       0x08031979    0xa6  Code  Gb  hts221.o [1]
HardFault_Handler       0x0803235b     0x2  Code  Gb  stm32l4xx_it.o [1]
Hsensor_drv             0x20001284     0x4  Data  Lc  stm32l475e_iot01_hsensor.o [1]
I2C_Flush_TXDR          0x0801dcdd    0x20  Code  Lc  stm32l4xx_hal_i2c.o [1]
I2C_IsAcknowledgeFailed
                        0x0801de1f    0x56  Code  Lc  stm32l4xx_hal_i2c.o [1]
I2C_RequestMemoryRead   0x0801dc61    0x46  Code  Lc  stm32l4xx_hal_i2c.o [1]
I2C_RequestMemoryWrite  0x0801dc19    0x48  Code  Lc  stm32l4xx_hal_i2c.o [1]
I2C_TransferConfig      0x0801de93    0x22  Code  Lc  stm32l4xx_hal_i2c.o [1]
I2C_WaitOnFlagUntilTimeout
                        0x0801dcfd    0x4a  Code  Lc  stm32l4xx_hal_i2c.o [1]
I2C_WaitOnRXNEFlagUntilTimeout
                        0x0801ddbb    0x52  Code  Lc  stm32l4xx_hal_i2c.o [1]
I2C_WaitOnSTOPFlagUntilTimeout
                        0x0801dd79    0x2c  Code  Lc  stm32l4xx_hal_i2c.o [1]
I2C_WaitOnTXISFlagUntilTimeout
                        0x0801dd47    0x32  Code  Lc  stm32l4xx_hal_i2c.o [1]
I2Cx_Error              0x08022953    0x10  Code  Lc  stm32l475e_iot01.o [1]
I2Cx_Init               0x08022863    0xb0  Code  Lc  stm32l475e_iot01.o [1]
I2Cx_ReadMultiple       0x08022913     0xc  Code  Lc  stm32l475e_iot01.o [1]
I2Cx_WriteMultiple      0x0802291f     0xa  Code  Lc  stm32l475e_iot01.o [1]
InterruptThresholdSettings
                        0x20000000   0x1b8  Data  Gb  vl53l0x_api.o [1]
K                       0x080059c8   0x100  Data  Lc  sha256.o [1]
K                       0x080067f8   0x280  Data  Lc  sha512.o [1]
LHs                     0x0801e338    0x40  Data  Lc  des.o [1]
LIS3MDL_MagDeInit       0x08031d3d    0x10  Code  Gb  lis3mdl.o [1]
LIS3MDL_MagInit         0x08031cfd    0x3a  Code  Gb  lis3mdl.o [1]
LIS3MDL_MagLowPower     0x08031d67    0x18  Code  Gb  lis3mdl.o [1]
LIS3MDL_MagReadID       0x08031d55    0x12  Code  Gb  lis3mdl.o [1]
LIS3MDL_MagReadXYZ      0x08031d89    0x94  Code  Gb  lis3mdl.o [1]
LPS22HB_Init            0x08032091    0x34  Code  Lc  lps22hb.o [1]
LPS22HB_P_Drv           0x200006f8     0xc  Data  Gb  lps22hb.o [1]
LPS22HB_P_Init          0x0803201d     0x2  Code  Gb  lps22hb.o [1]
LPS22HB_P_ReadID        0x0803201f    0x14  Code  Gb  lps22hb.o [1]
LPS22HB_P_ReadPressure  0x08032035    0x56  Code  Gb  lps22hb.o [1]
LSM6DSL_AccDeInit       0x080314a5    0x12  Code  Gb  lsm6dsl.o [1]
LSM6DSL_AccInit         0x08031491    0x14  Code  Gb  lsm6dsl.o [1]
LSM6DSL_AccLowPower     0x080314bb    0x1e  Code  Gb  lsm6dsl.o [1]
LSM6DSL_AccReadID       0x080314b7     0x4  Code  Gb  lsm6dsl.o [1]
LSM6DSL_AccReadXYZ      0x080314d9    0x62  Code  Gb  lsm6dsl.o [1]
LSM6DSL_GyroDeInit      0x0803156f    0x14  Code  Gb  lsm6dsl.o [1]
LSM6DSL_GyroInit        0x0803153b    0x14  Code  Gb  lsm6dsl.o [1]
LSM6DSL_GyroLowPower    0x08031595    0x1e  Code  Gb  lsm6dsl.o [1]
LSM6DSL_GyroReadID      0x08031583     0x2  Code  Gb  lsm6dsl.o [1]
LSM6DSL_GyroReadXYZAngRate
                        0x080315b5    0x60  Code  Gb  lsm6dsl.o [1]
Led_SetState            0x08021907    0x10  Code  Gb  main.o [1]
Lis3mdlMagDrv           0x200005ec    0x34  Data  Gb  lis3mdl.o [1]
LoadInt                 0x08013fc3    0x7a  Code  Lc  xprintffull.o [3]
Lsm6dslAccDrv           0x20000620    0x34  Data  Gb  lsm6dsl.o [1]
Lsm6dslGyroDrv          0x20000654    0x34  Data  Gb  lsm6dsl.o [1]
MQTTcallbackHandler     0x08023481    0xd0  Code  Gb  aws_subscribe_publish_sensor_values.o [1]
MSIRangeTable           0x08032250    0x30  Data  Gb  system_stm32l4xx.o [1]
MagnetoDrv              0x20001288     0x4  Data  Lc  stm32l475e_iot01_magneto.o [1]
MemManage_Handler       0x0803235d     0x2  Code  Gb  stm32l4xx_it.o [1]
NMI_Handler             0x08032359     0x2  Code  Gb  stm32l4xx_it.o [1]
ParseIP                 0x0802a0ab    0x36  Code  Lc  es_wifi.o [1]
ParseMAC                0x0802a02b    0x80  Code  Lc  es_wifi.o [1]
ParseNumber             0x08029ff1    0x3a  Code  Lc  es_wifi.o [1]
PendSV_Handler          0x08032367     0x2  Code  Gb  stm32l4xx_it.o [1]
Periph_Config           0x08022621    0x4e  Code  Gb  stm32l4xx_hal_msp.o [1]
PrepareSensorsData      0x08025c61   0x138  Code  Gb  sensors_data.o [1]
PrepareSensorsData::__func__
                        0x08025e74    0x14  Data  Lc  sensors_data.o [1]
[...]
net_sock_recv_mbedtls::__func__
                        0x080284f8    0x18  Data  Lc  net_tls_mbedtls.o [1]
net_sock_recv_tcp_wifi  0x0802733d    0xfa  Code  Gb  net_tcp_wifi.o [1]
net_sock_recv_tcp_wifi::__func__
                        0x080277e0    0x18  Data  Lc  net_tcp_wifi.o [1]
net_sock_recvfrom_udp_wifi
                        0x08027441   0x148  Code  Gb  net_tcp_wifi.o [1]
net_sock_recvfrom_udp_wifi::__func__
                        0x080278d4    0x1c  Data  Lc  net_tcp_wifi.o [1]
net_sock_send           0x08024929     0xc  Code  Gb  net.o [1]
net_sock_send_mbedtls   0x08027e91    0xbc  Code  Gb  net_tls_mbedtls.o [1]
net_sock_send_mbedtls::__func__
                        0x08028540    0x18  Data  Lc  net_tls_mbedtls.o [1]
net_sock_send_tcp_wifi  0x08027599    0x7c  Code  Gb  net_tcp_wifi.o [1]
net_sock_send_tcp_wifi::__func__
                        0x080278f4    0x18  Data  Lc  net_tcp_wifi.o [1]
net_sock_sendto_udp_wifi
                        0x08027615    0xaa  Code  Gb  net_tcp_wifi.o [1]
net_sock_sendto_udp_wifi::__func__
                        0x0802791c    0x1c  Data  Lc  net_tcp_wifi.o [1]
net_sock_setopt         0x08024819    0xfc  Code  Gb  net.o [1]
net_timeout_left_ms     0x08024957    0x14  Code  Gb  net.o [1]
obuf                    0x200010b4    0x50  Data  Lc  xfiles.o [3]
oid_cipher_alg          0x0800f2bc    0x3c  Data  Lc  oid.o [1]
oid_ecp_grp             0x0800f49c    0xf0  Data  Lc  oid.o [1]
oid_ext_key_usage       0x0800f0e8    0x70  Data  Lc  oid.o [1]
oid_md_alg              0x0800f58c    0x8c  Data  Lc  oid.o [1]
oid_pk_alg              0x0800f1f0    0x50  Data  Lc  oid.o [1]
oid_pkcs12_pbe_alg      0x0800f618    0x3c  Data  Lc  oid.o [1]
oid_sig_alg             0x0800f384   0x118  Data  Lc  oid.o [1]
oid_sig_alg_from_asn1   0x0800f159    0x30  Code  Lc  oid.o [1]
oid_x509_ext            0x0802e458    0x78  Data  Lc  oid.o [1]
oid_x520_attr_type      0x0800eef4   0x190  Data  Lc  oid.o [1]
pFlash                  0x20001200    0x20  Data  Gb  stm32l4xx_hal_flash.o [1]
pUsernameTemp           0x20001220    0x1c  Data  Lc  aws_iot_mqtt_client.o [1]
perform_ref_signal_measurement
                        0x0801d1f1    0x5a  Code  Gb  vl53l0x_api_calibration.o [1]
pk_get_ecpubkey         0x0800f901    0x26  Code  Lc  pkparse.o [1]
pk_get_pk_alg           0x0800f927    0x50  Code  Lc  pkparse.o [1]
pk_group_from_specified
                        0x0800f655   0x176  Code  Lc  pkparse.o [1]
pk_group_id_from_group  0x0800f7d5    0xc4  Code  Lc  pkparse.o [1]
pk_hashlen_helper       0x08008873    0x1e  Code  Lc  pk.o [1]
pk_parse_key_pkcs1_der  0x0800fa99    0xd4  Code  Lc  pkparse.o [1]
pk_parse_key_pkcs8_encrypted_der
                        0x0800fdb1   0x12e  Code  Lc  pkparse.o [1]
pk_parse_key_pkcs8_unencrypted_der
                        0x0800fce5    0xcc  Code  Lc  pkparse.o [1]
pk_parse_key_sec1_der   0x0800fb81   0x15a  Code  Lc  pkparse.o [1]
pk_use_ecparams         0x0800f899    0x68  Code  Lc  pkparse.o [1]
pkcs12_fill_buffer      0x08014f29    0x2a  Code  Lc  pkcs12.o [1]
pkcs12_pbe_derive_key_iv
                        0x08014d7f    0xe6  Code  Lc  pkcs12.o [1]
pkcs5_parse_pbkdf2_params
                        0x080150e5    0xa6  Code  Lc  pkcs5.o [1]
platform_deinit         0x08022f59    0x20  Code  Gb  cloud.o [1]
platform_init           0x08022dc9   0x190  Code  Gb  cloud.o [1]
platform_init::__func__
                        0x0802307c    0x10  Data  Lc  cloud.o [1]
pows                    0x0802d310    0x48  Data  Lc  strto64.o [4]
prepend_alloc           0x08018987   0x342  Code  Lc  dlmalloc.o [3]
printf                  0x08024611    0x28  Code  Gb  printf.o [3]
publishCount            0x20000434     0x4  Data  Lc  aws_subscribe_publish_sensor_values.o [1]
putchar                 0x0803246d     0xc  Code  Gb  putchar.o [3]
ranmatch                0x0802bf93    0x42  Code  Lc  xscanffull.o [3]
refArrayQuadrants       0x200006dc    0x10  Data  Gb  vl53l0x_api_calibration.o [1]
ripemd160_clone_wrap    0x08031c1d     0x4  Code  Lc  md_wrap.o [1]
ripemd160_ctx_alloc     0x08031bf7    0x12  Code  Lc  md_wrap.o [1]
ripemd160_ctx_free      0x08031c09     0x8  Code  Lc  md_wrap.o [1]
ripemd160_finish_wrap   0x08031bf3     0x4  Code  Lc  md_wrap.o [1]
ripemd160_padding       0x0801b0d8    0x40  Data  Lc  ripemd160.o [1]
ripemd160_process_wrap  0x08031c21     0x4  Code  Lc  md_wrap.o [1]
ripemd160_starts_wrap   0x08031beb     0x4  Code  Lc  md_wrap.o [1]
ripemd160_update_wrap   0x08031bef     0x4  Code  Lc  md_wrap.o [1]
rsa_alloc_wrap          0x08031047    0x16  Code  Lc  pk_wrap.o [1]
rsa_can_do              0x08030f79    0x10  Code  Lc  pk_wrap.o [1]
rsa_check_pair_wrap     0x08031043     0x4  Code  Lc  pk_wrap.o [1]
rsa_debug               0x08031069    0x1e  Code  Lc  pk_wrap.o [1]
rsa_decrypt_wrap        0x08030ff1    0x28  Code  Lc  pk_wrap.o [1]
rsa_encrypt_wrap        0x08031019    0x2a  Code  Lc  pk_wrap.o [1]
rsa_free_wrap           0x0803105d     0xa  Code  Lc  pk_wrap.o [1]
rsa_get_bitlen          0x08030f89     0x6  Code  Lc  pk_wrap.o [1]
rsa_prepare_blinding    0x080106cd    0xb4  Code  Lc  rsa.o [1]
rsa_sign_wrap           0x08030fc7    0x2a  Code  Lc  pk_wrap.o [1]
rsa_verify_wrap         0x08030f8f    0x38  Code  Lc  pk_wrap.o [1]
scalbln                 0x08015bcd          Code  Gb  ldexp.o [4]
scalblnl                0x08015bcd          Code  Gb  ldexp.o [4]
scalbn                  0x08015bcd          Code  Gb  ldexp.o [4]
scalbnl                 0x08015bcd          Code  Gb  ldexp.o [4]
scale                   0x080145d3    0x46  Code  Lc  xprintffull.o [3]
sec_hand                0x2000129c     0x4  Data  Lc  xfail_s.o [3]
secp192k1_a             0x0802f310     0x4  Data  Lc  ecp_curves.o [1]
secp192k1_b             0x0802f314     0x4  Data  Lc  ecp_curves.o [1]
secp192k1_gx            0x0802f318    0x18  Data  Lc  ecp_curves.o [1]
secp192k1_gy            0x0802f330    0x18  Data  Lc  ecp_curves.o [1]
secp192k1_n             0x0802f348    0x18  Data  Lc  ecp_curves.o [1]
secp192k1_p             0x0802f2f8    0x18  Data  Lc  ecp_curves.o [1]
secp192r1_b             0x0802ef24    0x18  Data  Lc  ecp_curves.o [1]
secp192r1_gx            0x0802ef3c    0x18  Data  Lc  ecp_curves.o [1]
secp192r1_gy            0x0802ef54    0x18  Data  Lc  ecp_curves.o [1]
secp192r1_n             0x0802ef6c    0x18  Data  Lc  ecp_curves.o [1]
secp192r1_p             0x0802ef0c    0x18  Data  Lc  ecp_curves.o [1]
secp224k1_a             0x0802f37c     0x4  Data  Lc  ecp_curves.o [1]
secp224k1_b             0x0802f380     0x4  Data  Lc  ecp_curves.o [1]
secp224k1_gx            0x0802f384    0x1c  Data  Lc  ecp_curves.o [1]
secp224k1_gy            0x0802f3a0    0x1c  Data  Lc  ecp_curves.o [1]
secp224k1_n             0x0802f3bc    0x20  Data  Lc  ecp_curves.o [1]
secp224k1_p             0x0802f360    0x1c  Data  Lc  ecp_curves.o [1]
secp224r1_b             0x0802efa4    0x1c  Data  Lc  ecp_curves.o [1]
secp224r1_gx            0x0802efc0    0x1c  Data  Lc  ecp_curves.o [1]
secp224r1_gy            0x0802efdc    0x1c  Data  Lc  ecp_curves.o [1]
secp224r1_n             0x0802eff8    0x1c  Data  Lc  ecp_curves.o [1]
secp224r1_p             0x0802ef84    0x20  Data  Lc  ecp_curves.o [1]
secp256k1_a             0x0802f3fc     0x4  Data  Lc  ecp_curves.o [1]
secp256k1_b             0x0802f400     0x4  Data  Lc  ecp_curves.o [1]
secp256k1_gx            0x0802f404    0x20  Data  Lc  ecp_curves.o [1]
secp256k1_gy            0x0802f424    0x20  Data  Lc  ecp_curves.o [1]
secp256k1_n             0x0802f444    0x20  Data  Lc  ecp_curves.o [1]
secp256k1_p             0x0802f3dc    0x20  Data  Lc  ecp_curves.o [1]
secp256r1_b             0x0802f034    0x20  Data  Lc  ecp_curves.o [1]
secp256r1_gx            0x0802f054    0x20  Data  Lc  ecp_curves.o [1]
secp256r1_gy            0x0802f074    0x20  Data  Lc  ecp_curves.o [1]
secp256r1_n             0x0802f094    0x20  Data  Lc  ecp_curves.o [1]
secp256r1_p             0x0802f014    0x20  Data  Lc  ecp_curves.o [1]
secp384r1_b             0x0802f0e4    0x30  Data  Lc  ecp_curves.o [1]
secp384r1_gx            0x0802f114    0x30  Data  Lc  ecp_curves.o [1]
secp384r1_gy            0x0802f144    0x30  Data  Lc  ecp_curves.o [1]
secp384r1_n             0x0802f174    0x30  Data  Lc  ecp_curves.o [1]
secp384r1_p             0x0802f0b4    0x30  Data  Lc  ecp_curves.o [1]
secp521r1_b             0x0802f1e8    0x44  Data  Lc  ecp_curves.o [1]
secp521r1_gx            0x0802f22c    0x44  Data  Lc  ecp_curves.o [1]
secp521r1_gy            0x0802f270    0x44  Data  Lc  ecp_curves.o [1]
secp521r1_n             0x0802f2b4    0x44  Data  Lc  ecp_curves.o [1]
secp521r1_p             0x0802f1a4    0x44  Data  Lc  ecp_curves.o [1]
segment_holding         0x08018905    0x1e  Code  Lc  dlmalloc.o [3]
sequence_step_enabled   0x0801c861    0x38  Code  Gb  vl53l0x_api.o [1]
setIoTDeviceConfig      0x08024fc9    0x40  Code  Gb  iot_flash_config.o [1]
setIoTDeviceConfig::__func__
                        0x08025534    0x14  Data  Lc  iot_flash_config.o [1]
setRTCTimeDateFromNetwork
                        0x08025579   0x32a  Code  Gb  timedate.o [1]
setRTCTimeDateFromNetwork::__func__
                        0x080258f8    0x1c  Data  Lc  timedate.o [1]
set_ref_spad_map        0x0801d13b     0xa  Code  Gb  vl53l0x_api_calibration.o [1]
set_sequence_step_timeout
                        0x0801b8ad    0xf0  Code  Gb  vl53l0x_api_core.o [1]
sha1_clone_wrap         0x08031c4d     0x4  Code  Lc  md_wrap.o [1]
sha1_ctx_alloc          0x08031c31    0x12  Code  Lc  md_wrap.o [1]
sha1_ctx_free           0x08031c51     0xa  Code  Lc  md_wrap.o [1]
sha1_finish_wrap        0x08031c2d     0x4  Code  Lc  md_wrap.o [1]
sha1_padding            0x080200c0    0x40  Data  Lc  sha1.o [1]
sha1_process_wrap       0x08031c5b     0x4  Code  Lc  md_wrap.o [1]
sha1_starts_wrap        0x08031c25     0x4  Code  Lc  md_wrap.o [1]
sha1_update_wrap        0x08031c29     0x4  Code  Lc  md_wrap.o [1]
sha224_clone_wrap       0x08031c95     0x4  Code  Lc  md_wrap.o [1]
sha224_ctx_alloc        0x08031c73    0x18  Code  Lc  md_wrap.o [1]
sha224_ctx_free         0x08031c8b     0xa  Code  Lc  md_wrap.o [1]
sha224_finish_wrap      0x08031c69     0x4  Code  Lc  md_wrap.o [1]
sha224_process_wrap     0x08031c99     0x4  Code  Lc  md_wrap.o [1]
sha224_starts_wrap      0x08031c5f     0x6  Code  Lc  md_wrap.o [1]
sha224_update_wrap      0x08031c65     0x4  Code  Lc  md_wrap.o [1]
sha224_wrap             0x08031c6d     0x6  Code  Lc  md_wrap.o [1]
sha256_padding          0x08005ac8    0x40  Data  Lc  sha256.o [1]
sha256_starts_wrap      0x08031c9d     0x6  Code  Lc  md_wrap.o [1]
sha256_wrap             0x08031ca3     0x6  Code  Lc  md_wrap.o [1]
sha384_clone_wrap       0x08031ce7     0x4  Code  Lc  md_wrap.o [1]
sha384_ctx_alloc        0x08031cbd    0x18  Code  Lc  md_wrap.o [1]
sha384_ctx_free         0x08031cdd     0xa  Code  Lc  md_wrap.o [1]
sha384_finish_wrap      0x08031cb3     0x4  Code  Lc  md_wrap.o [1]
sha384_process_wrap     0x08031ceb     0x4  Code  Lc  md_wrap.o [1]
sha384_starts_wrap      0x08031ca9     0x6  Code  Lc  md_wrap.o [1]
sha384_update_wrap      0x08031caf     0x4  Code  Lc  md_wrap.o [1]
sha384_wrap             0x08031cb7     0x6  Code  Lc  md_wrap.o [1]
sha512_padding          0x08006a78    0x80  Data  Lc  sha512.o [1]
sha512_starts_wrap      0x08031cef     0x6  Code  Lc  md_wrap.o [1]
sha512_wrap             0x08031cf5     0x6  Code  Lc  md_wrap.o [1]
snprintf                0x0800e329    0x44  Code  Gb  snprintf.o [3]
spi_rx_event            0x200010a8     0x4  Data  Lc  es_wifi_io.o [1]
spi_tx_event            0x200010ac     0x4  Data  Lc  es_wifi_io.o [1]
sprintf                 0x08026d8d    0x40  Code  Gb  sprintf.o [3]
srand                   0x08024645     0xa  Code  Gb  rand.o [3]
sscanf                  0x08028aad    0x28  Code  Gb  sscanf.o [3]
ssl_append_key_cert     0x08002fc3    0x36  Code  Lc  ssl_tls.o [1]
ssl_calc_finished_tls_sha256
                        0x08002739    0x90  Code  Lc  ssl_tls.o [1]
ssl_calc_finished_tls_sha384
                        0x08002809    0x8e  Code  Lc  ssl_tls.o [1]
ssl_calc_verify_tls_sha256
                        0x08000945    0x5a  Code  Lc  ssl_tls.o [1]
ssl_calc_verify_tls_sha384
                        0x080009b1    0x5a  Code  Lc  ssl_tls.o [1]
ssl_check_ctr_renegotiate
                        0x08003235    0x54  Code  Lc  ssl_tls.o [1]
ssl_decrypt_buf         0x08000d85   0x232  Code  Lc  ssl_tls.o [1]
ssl_encrypt_buf         0x08000aed   0x1d6  Code  Lc  ssl_tls.o [1]
ssl_handshake_init      0x08002dcd    0xcc  Code  Lc  ssl_tls.o [1]
ssl_handshake_params_init
                        0x08002d67    0x4c  Code  Lc  ssl_tls.o [1]
ssl_parse_alpn_ext      0x080098ed    0x88  Code  Lc  ssl_cli.o [1]
ssl_parse_certificate_request
                        0x0800ade5   0x172  Code  Lc  ssl_cli.o [1]
ssl_parse_new_session_ticket
                        0x0800b25b   0x14c  Code  Lc  ssl_cli.o [1]
ssl_parse_record_header
                        0x08001747   0x136  Code  Lc  ssl_tls.o [1]
ssl_parse_server_ecdh_params
                        0x0800a605    0x92  Code  Lc  ssl_cli.o [1]
ssl_parse_server_hello  0x080099c9   0x676  Code  Lc  ssl_cli.o [1]
ssl_parse_server_key_exchange
                        0x0800aa4d   0x2fa  Code  Lc  ssl_cli.o [1]
ssl_parse_signature_algorithm
                        0x0800a8ad    0xb8  Code  Lc  ssl_cli.o [1]
ssl_preset_default_hashes
                        0x20000688    0x14  Data  Lc  ssl_tls.o [1]
ssl_preset_suiteb_ciphersuites
                        0x2000069c     0xc  Data  Lc  ssl_tls.o [1]
ssl_preset_suiteb_curves
                        0x200006b4     0x4  Data  Lc  ssl_tls.o [1]
ssl_preset_suiteb_hashes
                        0x200006a8     0xc  Data  Lc  ssl_tls.o [1]
ssl_set_timer           0x080001cd    0x2e  Code  Lc  ssl_tls.o [1]
ssl_start_renegotiation
                        0x08003175    0x48  Code  Lc  ssl_tls.o [1]
ssl_update_checksum_sha256
                        0x08002721     0xa  Code  Lc  ssl_tls.o [1]
ssl_update_checksum_sha384
                        0x0800272d     0xa  Code  Lc  ssl_tls.o [1]
ssl_update_checksum_start
                        0x080026fb    0x24  Code  Lc  ssl_tls.o [1]
ssl_write_alpn_ext      0x080090d9    0xc4  Code  Lc  ssl_cli.o [1]
ssl_write_certificate_verify
                        0x0800b0cd   0x17e  Code  Lc  ssl_cli.o [1]
ssl_write_client_hello  0x080091c1   0x41e  Code  Lc  ssl_cli.o [1]
ssl_write_client_key_exchange
                        0x0800af85   0x12a  Code  Lc  ssl_cli.o [1]
ssl_write_encrypted_pms
                        0x0800a715   0x120  Code  Lc  ssl_cli.o [1]
ssl_write_hostname_ext  0x08008c5d    0x88  Code  Lc  ssl_cli.o [1]
ssl_write_real          0x080034eb    0x68  Code  Lc  ssl_tls.o [1]
ssl_write_renegotiation_ext
                        0x08008d15    0x7a  Code  Lc  ssl_cli.o [1]
ssl_write_session_ticket_ext
                        0x08008fd1    0xa0  Code  Lc  ssl_cli.o [1]
ssl_write_signature_algorithms_ext
                        0x08008dd5    0xac  Code  Lc  ssl_cli.o [1]
ssl_write_supported_elliptic_curves_ext
                        0x08008eb5    0xbc  Code  Lc  ssl_cli.o [1]
strcat                  0x08026dcd    0x20  Code  Gb  strcat.o [3]
strchr                  0x080153e5          Code  Gb  strchr.o [5]
strcmp                  0x08028789          Code  Gb  strcmp.o [5]
strcpy                  0x0801d029          Code  Gb  strcpy.o [5]
strcspn                 0x0802d3f7    0x22  Code  Gb  strcspn.o [3]
strlen                  0x08003f71          Code  Gb  strlen.o [5]
strncmp                 0x08028a85    0x28  Code  Gb  strncmp.o [3]
strncpy                 0x0802ad11          Code  Gb  strncpy.o [5]
strspn                  0x0802d3d5    0x22  Code  Gb  strspn.o [3]
strstr                  0x08010239    0x30  Code  Gb  strstr.o [3]
strtok                  0x0802cae9    0x48  Code  Gb  strtok.o [3]
strtoll                 0x0802cc03     0x2  Code  Gb  iar_Stollx.o [3]
strtoull                0x0802cd6b     0x2  Code  Gb  iar_Stoullx.o [3]
sub32                   0x0801330f    0x18  Code  Lc  ecp_curves.o [1]
subscribe_publish_sensor_values
                        0x0802355d   0x370  Code  Gb  aws_subscribe_publish_sensor_values.o [1]
subscribe_publish_sensor_values::__func__
                        0x08023b60    0x20  Data  Lc  aws_subscribe_publish_sensor_values.o [1]
supported_ciphersuites  0x20001154    0x3c  Data  Lc  ssl_ciphersuites.o [1]
supported_init          0x20001150     0x4  Data  Lc  ssl_ciphersuites.o [1]
sys_alloc               0x08018ec1   0x164  Code  Lc  dlmalloc.o [3]
sys_trim                0x08019025    0x66  Code  Lc  dlmalloc.o [3]
tls_prf_generic         0x08000211   0x106  Code  Lc  ssl_tls.o [1]
tls_prf_sha256          0x08000327     0xa  Code  Lc  ssl_tls.o [1]
tls_prf_sha384          0x08000331     0x8  Code  Lc  ssl_tls.o [1]
tmalloc_large           0x08019099   0x384  Code  Lc  dlmalloc.o [3]
tmalloc_small           0x0801941d   0x1fe  Code  Lc  dlmalloc.o [3]
tolower                 0x0802b821    0x14  Code  Gb  tolower.o [3]
tsensor_drv             0x20001290     0x4  Data  Lc  stm32l475e_iot01_tsensor.o [1]
updateTLSCredentials    0x08024e27   0x144  Code  Gb  iot_flash_config.o [1]
updateTLSCredentials::__func__
                        0x080252d4    0x18  Data  Lc  iot_flash_config.o [1]
updateWiFiCredentials   0x08024c7d    0xbc  Code  Gb  iot_flash_config.o [1]
updateWiFiCredentials::__func__
                        0x08025100    0x18  Data  Lc  iot_flash_config.o [1]
uwTick                  0x20001294     0x4  Data  Gb  stm32l4xx_hal.o [1]
version                 0x080233cc    0x1c  Data  Gb  cloud.o [1]
vsnprintf               0x0800e2ed    0x3c  Code  Gb  vsnprint.o [3]
wait_spi_tx_event       0x08021313    0x26  Code  Lc  es_wifi_io.o [1]
wctob                   0x0802cb31    0x32  Code  Gb  wctob.o [3]
x509_check_wildcard     0x08007fbf    0x4e  Code  Lc  x509_crt.o [1]
x509_crt_check_parent   0x08008087    0x5c  Code  Lc  x509_crt.o [1]
x509_crt_parse_der_core
                        0x08006f05   0x2b6  Code  Lc  x509_crt.o [1]
x509_crt_verify_child   0x080082b9   0x1f0  Code  Lc  x509_crt.o [1]
x509_crt_verify_strings
                        0x08007cec    0xa8  Data  Lc  x509_crt.o [1]
x509_crt_verify_top     0x080080e3   0x1cc  Code  Lc  x509_crt.o [1]
x509_crt_verifycrl      0x08007e99    0xf6  Code  Lc  x509_crt.o [1]
x509_get_attr_type_value
                        0x0800e86d    0x90  Code  Lc  x509.o [1]
x509_get_crt_ext        0x08006d01   0x1e6  Code  Lc  x509_crt.o [1]
x509_get_entries        0x0802b2c3    0xfe  Code  Lc  x509_crl.o [1]
x509_get_subject_alt_name
                        0x08006c53    0xae  Code  Lc  x509_crt.o [1]
x509_get_uid            0x08006c1d    0x36  Code  Lc  x509_crt.o [1]
x509_info_cert_type     0x0800737d    0xd8  Code  Lc  x509_crt.o [1]
x509_info_key_usage     0x080074c9    0xf0  Code  Lc  x509_crt.o [1]
x509_memcasecmp         0x08007f8f    0x30  Code  Lc  x509_crt.o [1]
x509_name_cmp           0x0800800d    0x7a  Code  Lc  x509_crt.o [1]
x509_parse_int          0x0800e97b    0x34  Code  Lc  x509.o [1]
x509_parse_time         0x0800e9b1    0xf8  Code  Lc  x509.o [1]
x509_profile_check_key  0x08006bdf    0x3e  Code  Lc  x509_crt.o [1]
x509_profile_check_md_alg
                        0x08006bbb    0x10  Code  Lc  x509_crt.o [1]
x509_profile_check_pk_alg
                        0x08006bcb     0xe  Code  Lc  x509_crt.o [1]


[1] = D:\en.x-cube-aws\STM32CubeExpansion_Cloud_AWS_V1.2.0\Projects\B-L475E-IOT01\Applications\Cloud\AWS\EWARM\B-L475E-IOT01\Obj
[2] = command line
[3] = dl7M_tlf.a
[4] = m7M_tls.a
[5] = rt7M_tl.a
[6] = shb_l.a

  196 615 bytes of readonly  code memory
   10 829 bytes of readonly  data memory
   82 597 bytes of readwrite data memory

Errors: none
Warnings: none
